Component: ARM Compiler 5.06 update 7 (build 960) Tool: armlink [4d3601]

==============================================================================

Section Cross References

    startup_stm32f401xc.o(STACK) refers (Special) to heapauxi.o(.text) for __use_two_region_memory
    startup_stm32f401xc.o(HEAP) refers (Special) to heapauxi.o(.text) for __use_two_region_memory
    startup_stm32f401xc.o(RESET) refers (Special) to heapauxi.o(.text) for __use_two_region_memory
    startup_stm32f401xc.o(RESET) refers to startup_stm32f401xc.o(STACK) for __initial_sp
    startup_stm32f401xc.o(RESET) refers to startup_stm32f401xc.o(.text) for Reset_Handler
    startup_stm32f401xc.o(RESET) refers to stm32f4xx_it.o(i.NMI_Handler) for NMI_Handler
    startup_stm32f401xc.o(RESET) refers to stm32f4xx_it.o(i.HardFault_Handler) for HardFault_Handler
    startup_stm32f401xc.o(RESET) refers to stm32f4xx_it.o(i.MemManage_Handler) for MemManage_Handler
    startup_stm32f401xc.o(RESET) refers to stm32f4xx_it.o(i.BusFault_Handler) for BusFault_Handler
    startup_stm32f401xc.o(RESET) refers to stm32f4xx_it.o(i.UsageFault_Handler) for UsageFault_Handler
    startup_stm32f401xc.o(RESET) refers to stm32f4xx_it.o(i.SVC_Handler) for SVC_Handler
    startup_stm32f401xc.o(RESET) refers to stm32f4xx_it.o(i.DebugMon_Handler) for DebugMon_Handler
    startup_stm32f401xc.o(RESET) refers to stm32f4xx_it.o(i.PendSV_Handler) for PendSV_Handler
    startup_stm32f401xc.o(RESET) refers to stm32f4xx_it.o(i.SysTick_Handler) for SysTick_Handler
    startup_stm32f401xc.o(RESET) refers to stm32f4xx_it.o(i.EXTI0_IRQHandler) for EXTI0_IRQHandler
    startup_stm32f401xc.o(RESET) refers to stm32f4xx_it.o(i.EXTI1_IRQHandler) for EXTI1_IRQHandler
    startup_stm32f401xc.o(RESET) refers to stm32f4xx_it.o(i.EXTI2_IRQHandler) for EXTI2_IRQHandler
    startup_stm32f401xc.o(RESET) refers to stm32f4xx_it.o(i.EXTI3_IRQHandler) for EXTI3_IRQHandler
    startup_stm32f401xc.o(RESET) refers to stm32f4xx_it.o(i.EXTI4_IRQHandler) for EXTI4_IRQHandler
    startup_stm32f401xc.o(RESET) refers to stm32f4xx_it.o(i.EXTI9_5_IRQHandler) for EXTI9_5_IRQHandler
    startup_stm32f401xc.o(RESET) refers to stm32f4xx_it.o(i.TIM1_BRK_TIM9_IRQHandler) for TIM1_BRK_TIM9_IRQHandler
    startup_stm32f401xc.o(RESET) refers to stm32f4xx_it.o(i.EXTI15_10_IRQHandler) for EXTI15_10_IRQHandler
    startup_stm32f401xc.o(RESET) refers to stm32f4xx_it.o(i.DMA1_Stream7_IRQHandler) for DMA1_Stream7_IRQHandler
    startup_stm32f401xc.o(RESET) refers to stm32f4xx_it.o(i.OTG_FS_IRQHandler) for OTG_FS_IRQHandler
    startup_stm32f401xc.o(.text) refers (Special) to heapauxi.o(.text) for __use_two_region_memory
    startup_stm32f401xc.o(.text) refers to system_stm32f4xx.o(i.SystemInit) for SystemInit
    startup_stm32f401xc.o(.text) refers to __main.o(!!!main) for __main
    startup_stm32f401xc.o(.text) refers to startup_stm32f401xc.o(HEAP) for Heap_Mem
    startup_stm32f401xc.o(.text) refers to startup_stm32f401xc.o(STACK) for Stack_Mem
    main.o(i.SystemClock_Config) refers to rt_memclr_w.o(.text) for __aeabi_memclr4
    main.o(i.SystemClock_Config) refers to stm32f4xx_hal_rcc.o(i.HAL_RCC_OscConfig) for HAL_RCC_OscConfig
    main.o(i.SystemClock_Config) refers to main.o(i.Error_Handler) for Error_Handler
    main.o(i.SystemClock_Config) refers to stm32f4xx_hal_rcc.o(i.HAL_RCC_ClockConfig) for HAL_RCC_ClockConfig
    main.o(i.encoder) refers to keyboard.o(i.PressKey) for PressKey
    main.o(i.encoder) refers to keyboard.o(i.ReleaseKey) for ReleaseKey
    main.o(i.encoder) refers to keyboard.o(i.PressKeyboard) for PressKeyboard
    main.o(i.encoder) refers to keyboard.o(i.ReleaseKeyboard) for ReleaseKeyboard
    main.o(i.encoder) refers to tim.o(i.delay_ms) for delay_ms
    main.o(i.encoder) refers to main.o(.data) for direction
    main.o(i.encoder) refers to usb_device.o(.bss) for hUsbDeviceFS
    main.o(i.main) refers to stm32f4xx_hal.o(i.HAL_Init) for HAL_Init
    main.o(i.main) refers to main.o(i.SystemClock_Config) for SystemClock_Config
    main.o(i.main) refers to gpio.o(i.MX_GPIO_Init) for MX_GPIO_Init
    main.o(i.main) refers to usb_device.o(i.MX_USB_DEVICE_Init) for MX_USB_DEVICE_Init
    main.o(i.main) refers to i2c.o(i.MX_I2C1_Init) for MX_I2C1_Init
    main.o(i.main) refers to encoder.o(i.Encoder_init) for Encoder_init
    main.o(i.main) refers to oled.o(i.oled_init) for oled_init
    main.o(i.main) refers to dma.o(i.MX_DMA_Init) for MX_DMA_Init
    main.o(i.main) refers to tim.o(i.MX_TIM4_Init) for MX_TIM4_Init
    main.o(i.main) refers to tim.o(i.MX_TIM9_Init) for MX_TIM9_Init
    main.o(i.main) refers to rgb.o(i.rgb_init) for rgb_init
    main.o(i.main) refers to oled.o(i.logo_print) for logo_print
    main.o(i.main) refers to stm32f4xx_hal_tim.o(i.HAL_TIM_Base_Start_IT) for HAL_TIM_Base_Start_IT
    main.o(i.main) refers to main.o(i.encoder) for encoder
    main.o(i.main) refers to main.o(i.press_key) for press_key
    main.o(i.main) refers to main.o(i.rgb_pulse) for rgb_pulse
[...]
    __rt_entry_postli_1                      0x08010269   Thumb Code     0  __rtentry2.o(.ARM.Collect$$rtentry$$0000000C)
    __rt_exit                                0x08010271   Thumb Code     0  rtexit.o(.ARM.Collect$$rtexit$$00000000)
    __rt_exit_ls                             0x08010273   Thumb Code     0  rtexit2.o(.ARM.Collect$$rtexit$$00000003)
    __rt_exit_prels_1                        0x08010273   Thumb Code     0  rtexit2.o(.ARM.Collect$$rtexit$$00000002)
    __rt_exit_exit                           0x08010277   Thumb Code     0  rtexit2.o(.ARM.Collect$$rtexit$$00000004)
    Reset_Handler                            0x0801027d   Thumb Code     8  startup_stm32f401xc.o(.text)
    ADC_IRQHandler                           0x08010297   Thumb Code     0  startup_stm32f401xc.o(.text)
    DMA1_Stream0_IRQHandler                  0x08010297   Thumb Code     0  startup_stm32f401xc.o(.text)
    DMA1_Stream1_IRQHandler                  0x08010297   Thumb Code     0  startup_stm32f401xc.o(.text)
    DMA1_Stream2_IRQHandler                  0x08010297   Thumb Code     0  startup_stm32f401xc.o(.text)
    DMA1_Stream3_IRQHandler                  0x08010297   Thumb Code     0  startup_stm32f401xc.o(.text)
    DMA1_Stream4_IRQHandler                  0x08010297   Thumb Code     0  startup_stm32f401xc.o(.text)
    DMA1_Stream5_IRQHandler                  0x08010297   Thumb Code     0  startup_stm32f401xc.o(.text)
    DMA1_Stream6_IRQHandler                  0x08010297   Thumb Code     0  startup_stm32f401xc.o(.text)
    DMA2_Stream0_IRQHandler                  0x08010297   Thumb Code     0  startup_stm32f401xc.o(.text)
    DMA2_Stream1_IRQHandler                  0x08010297   Thumb Code     0  startup_stm32f401xc.o(.text)
    DMA2_Stream2_IRQHandler                  0x08010297   Thumb Code     0  startup_stm32f401xc.o(.text)
    DMA2_Stream3_IRQHandler                  0x08010297   Thumb Code     0  startup_stm32f401xc.o(.text)
    DMA2_Stream4_IRQHandler                  0x08010297   Thumb Code     0  startup_stm32f401xc.o(.text)
    DMA2_Stream5_IRQHandler                  0x08010297   Thumb Code     0  startup_stm32f401xc.o(.text)
    DMA2_Stream6_IRQHandler                  0x08010297   Thumb Code     0  startup_stm32f401xc.o(.text)
    DMA2_Stream7_IRQHandler                  0x08010297   Thumb Code     0  startup_stm32f401xc.o(.text)
    FLASH_IRQHandler                         0x08010297   Thumb Code     0  startup_stm32f401xc.o(.text)
    FPU_IRQHandler                           0x08010297   Thumb Code     0  startup_stm32f401xc.o(.text)
    I2C1_ER_IRQHandler                       0x08010297   Thumb Code     0  startup_stm32f401xc.o(.text)
    I2C1_EV_IRQHandler                       0x08010297   Thumb Code     0  startup_stm32f401xc.o(.text)
    I2C2_ER_IRQHandler                       0x08010297   Thumb Code     0  startup_stm32f401xc.o(.text)
    I2C2_EV_IRQHandler                       0x08010297   Thumb Code     0  startup_stm32f401xc.o(.text)
    I2C3_ER_IRQHandler                       0x08010297   Thumb Code     0  startup_stm32f401xc.o(.text)
    I2C3_EV_IRQHandler                       0x08010297   Thumb Code     0  startup_stm32f401xc.o(.text)
    OTG_FS_WKUP_IRQHandler                   0x08010297   Thumb Code     0  startup_stm32f401xc.o(.text)
    PVD_IRQHandler                           0x08010297   Thumb Code     0  startup_stm32f401xc.o(.text)
    RCC_IRQHandler                           0x08010297   Thumb Code     0  startup_stm32f401xc.o(.text)
    RTC_Alarm_IRQHandler                     0x08010297   Thumb Code     0  startup_stm32f401xc.o(.text)
    RTC_WKUP_IRQHandler                      0x08010297   Thumb Code     0  startup_stm32f401xc.o(.text)
    SDIO_IRQHandler                          0x08010297   Thumb Code     0  startup_stm32f401xc.o(.text)
    SPI1_IRQHandler                          0x08010297   Thumb Code     0  startup_stm32f401xc.o(.text)
    SPI2_IRQHandler                          0x08010297   Thumb Code     0  startup_stm32f401xc.o(.text)
    SPI3_IRQHandler                          0x08010297   Thumb Code     0  startup_stm32f401xc.o(.text)
    SPI4_IRQHandler                          0x08010297   Thumb Code     0  startup_stm32f401xc.o(.text)
    TAMP_STAMP_IRQHandler                    0x08010297   Thumb Code     0  startup_stm32f401xc.o(.text)
    TIM1_CC_IRQHandler                       0x08010297   Thumb Code     0  startup_stm32f401xc.o(.text)
    TIM1_TRG_COM_TIM11_IRQHandler            0x08010297   Thumb Code     0  startup_stm32f401xc.o(.text)
    TIM1_UP_TIM10_IRQHandler                 0x08010297   Thumb Code     0  startup_stm32f401xc.o(.text)
    TIM2_IRQHandler                          0x08010297   Thumb Code     0  startup_stm32f401xc.o(.text)
    TIM3_IRQHandler                          0x08010297   Thumb Code     0  startup_stm32f401xc.o(.text)
    TIM4_IRQHandler                          0x08010297   Thumb Code     0  startup_stm32f401xc.o(.text)
    TIM5_IRQHandler                          0x08010297   Thumb Code     0  startup_stm32f401xc.o(.text)
    USART1_IRQHandler                        0x08010297   Thumb Code     0  startup_stm32f401xc.o(.text)
    USART2_IRQHandler                        0x08010297   Thumb Code     0  startup_stm32f401xc.o(.text)
    USART6_IRQHandler                        0x08010297   Thumb Code     0  startup_stm32f401xc.o(.text)
    WWDG_IRQHandler                          0x08010297   Thumb Code     0  startup_stm32f401xc.o(.text)
    __user_initial_stackheap                 0x08010299   Thumb Code     0  startup_stm32f401xc.o(.text)
    __aeabi_uldivmod                         0x080102bd   Thumb Code     0  lludivv7m.o(.text)
    _ll_udiv                                 0x080102bd   Thumb Code   238  lludivv7m.o(.text)
    __2snprintf                              0x080103ad   Thumb Code    48  noretval__2snprintf.o(.text)
    __printf                                 0x080103e1   Thumb Code   104  __printf.o(.text)
    _printf_int_dec                          0x08010449   Thumb Code   104  _printf_dec.o(.text)
    __aeabi_memcpy4                          0x080104c1   Thumb Code     0  rt_memcpy_w.o(.text)
    __aeabi_memcpy8                          0x080104c1   Thumb Code     0  rt_memcpy_w.o(.text)
    __rt_memcpy_w                            0x080104c1   Thumb Code   100  rt_memcpy_w.o(.text)
    _memcpy_lastbytes_aligned                0x08010509   Thumb Code     0  rt_memcpy_w.o(.text)
    __aeabi_memclr4                          0x08010525   Thumb Code     0  rt_memclr_w.o(.text)
    __aeabi_memclr8                          0x08010525   Thumb Code     0  rt_memclr_w.o(.text)
    __rt_memclr_w                            0x08010525   Thumb Code    78  rt_memclr_w.o(.text)
    _memset_w                                0x08010529   Thumb Code     0  rt_memclr_w.o(.text)
    __use_two_region_memory                  0x08010573   Thumb Code     2  heapauxi.o(.text)
    __rt_heap_escrow$2region                 0x08010575   Thumb Code     2  heapauxi.o(.text)
    __rt_heap_expand$2region                 0x08010577   Thumb Code     2  heapauxi.o(.text)
    _printf_int_common                       0x08010579   Thumb Code   178  _printf_intcommon.o(.text)
    _printf_char_common                      0x08010637   Thumb Code    32  _printf_char_common.o(.text)
    _sputc                                   0x0801065d   Thumb Code    10  _sputc.o(.text)
    _snputc                                  0x08010667   Thumb Code    16  _snputc.o(.text)
    __user_libspace                          0x08010679   Thumb Code     8  libspace.o(.text)
    __user_perproc_libspace                  0x08010679   Thumb Code     0  libspace.o(.text)
    __user_perthread_libspace                0x08010679   Thumb Code     0  libspace.o(.text)
    __user_setup_stackheap                   0x08010681   Thumb Code    74  sys_stackheap_outer.o(.text)
    exit                                     0x080106cb   Thumb Code    18  exit.o(.text)
    _sys_exit                                0x080106dd   Thumb Code     8  sys_exit.o(.text)
    __I$use$semihosting                      0x080106e9   Thumb Code     0  use_no_semi.o(.text)
    __use_no_semihosting_swi                 0x080106e9   Thumb Code     2  use_no_semi.o(.text)
    BusFault_Handler                         0x080106eb   Thumb Code     4  stm32f4xx_it.o(i.BusFault_Handler)
    __semihosting_library_function           0x080106eb   Thumb Code     0  indicate_semi.o(.text)
    DMA1_Stream7_IRQHandler                  0x08010831   Thumb Code    28  stm32f4xx_it.o(i.DMA1_Stream7_IRQHandler)
    DebugMon_Handler                         0x0801095f   Thumb Code     2  stm32f4xx_it.o(i.DebugMon_Handler)
    EXTI0_IRQHandler                         0x08010961   Thumb Code    10  stm32f4xx_it.o(i.EXTI0_IRQHandler)
    EXTI15_10_IRQHandler                     0x0801096b   Thumb Code    12  stm32f4xx_it.o(i.EXTI15_10_IRQHandler)
    EXTI1_IRQHandler                         0x08010977   Thumb Code    10  stm32f4xx_it.o(i.EXTI1_IRQHandler)
    EXTI2_IRQHandler                         0x08010981   Thumb Code    10  stm32f4xx_it.o(i.EXTI2_IRQHandler)
    EXTI3_IRQHandler                         0x0801098b   Thumb Code    10  stm32f4xx_it.o(i.EXTI3_IRQHandler)
    EXTI4_IRQHandler                         0x08010995   Thumb Code    10  stm32f4xx_it.o(i.EXTI4_IRQHandler)
    EXTI9_5_IRQHandler                       0x0801099f   Thumb Code    26  stm32f4xx_it.o(i.EXTI9_5_IRQHandler)
    Encoder_init                             0x080109b9   Thumb Code    12  encoder.o(i.Encoder_init)
    Error_Handler                            0x080109c5   Thumb Code     6  main.o(i.Error_Handler)
    HAL_DMA_Abort_IT                         0x08010a01   Thumb Code    40  stm32f4xx_hal_dma.o(i.HAL_DMA_Abort_IT)
    HAL_DMA_GetState                         0x08010a29   Thumb Code     8  stm32f4xx_hal_dma.o(i.HAL_DMA_GetState)
    HAL_DMA_IRQHandler                       0x08010a31   Thumb Code   570  stm32f4xx_hal_dma.o(i.HAL_DMA_IRQHandler)
    HAL_DMA_Init                             0x08010c71   Thumb Code   232  stm32f4xx_hal_dma.o(i.HAL_DMA_Init)
    HAL_DMA_Start_IT                         0x08010d5d   Thumb Code   146  stm32f4xx_hal_dma.o(i.HAL_DMA_Start_IT)
    HAL_Delay                                0x08010df1   Thumb Code    36  stm32f4xx_hal.o(i.HAL_Delay)
    HAL_GPIO_EXTI_Callback                   0x08010e19   Thumb Code   100  stm32f4xx_it.o(i.HAL_GPIO_EXTI_Callback)
    HAL_GPIO_EXTI_IRQHandler                 0x08010e81   Thumb Code    24  stm32f4xx_hal_gpio.o(i.HAL_GPIO_EXTI_IRQHandler)
    HAL_GPIO_Init                            0x08010e9d   Thumb Code   424  stm32f4xx_hal_gpio.o(i.HAL_GPIO_Init)
    HAL_GPIO_WritePin                        0x08011065   Thumb Code    12  stm32f4xx_hal_gpio.o(i.HAL_GPIO_WritePin)
    HAL_GetTick                              0x08011071   Thumb Code     6  stm32f4xx_hal.o(i.HAL_GetTick)
    HAL_I2C_Init                             0x0801107d   Thumb Code   446  stm32f4xx_hal_i2c.o(i.HAL_I2C_Init)
    HAL_I2C_Mem_Write                        0x0801124d   Thumb Code   348  stm32f4xx_hal_i2c.o(i.HAL_I2C_Mem_Write)
    HAL_I2C_MspInit                          0x080113b1   Thumb Code   284  stm32f4xx_hal_msp.o(i.HAL_I2C_MspInit)
    HAL_IncTick                              0x080114e1   Thumb Code    16  stm32f4xx_hal.o(i.HAL_IncTick)
    HAL_Init                                 0x080114f9   Thumb Code    54  stm32f4xx_hal.o(i.HAL_Init)
    HAL_InitTick                             0x08011535   Thumb Code    64  stm32f4xx_hal.o(i.HAL_InitTick)
    HAL_MspInit                              0x08011581   Thumb Code    68  stm32f4xx_hal_msp.o(i.HAL_MspInit)
    HAL_NVIC_EnableIRQ                       0x080115c9   Thumb Code    32  stm32f4xx_hal_cortex.o(i.HAL_NVIC_EnableIRQ)
    HAL_NVIC_SetPriority                     0x080115e9   Thumb Code   124  stm32f4xx_hal_cortex.o(i.HAL_NVIC_SetPriority)
    HAL_NVIC_SetPriorityGrouping             0x08011665   Thumb Code    32  stm32f4xx_hal_cortex.o(i.HAL_NVIC_SetPriorityGrouping)
    HAL_PCDEx_LPM_Callback                   0x0801168d   Thumb Code     2  stm32f4xx_hal_pcd_ex.o(i.HAL_PCDEx_LPM_Callback)
    HAL_PCDEx_SetRxFiFo                      0x0801168f   Thumb Code    10  stm32f4xx_hal_pcd_ex.o(i.HAL_PCDEx_SetRxFiFo)
    HAL_PCDEx_SetTxFiFo                      0x08011699   Thumb Code    78  stm32f4xx_hal_pcd_ex.o(i.HAL_PCDEx_SetTxFiFo)
    HAL_PCD_ConnectCallback                  0x080116e7   Thumb Code    14  usbd_conf.o(i.HAL_PCD_ConnectCallback)
    HAL_PCD_DataInStageCallback              0x080116f5   Thumb Code    32  usbd_conf.o(i.HAL_PCD_DataInStageCallback)
    HAL_PCD_DataOutStageCallback             0x08011715   Thumb Code    32  usbd_conf.o(i.HAL_PCD_DataOutStageCallback)
    HAL_PCD_DisconnectCallback               0x08011735   Thumb Code    14  usbd_conf.o(i.HAL_PCD_DisconnectCallback)
    HAL_PCD_EP_Abort                         0x08011743   Thumb Code    66  stm32f4xx_hal_pcd.o(i.HAL_PCD_EP_Abort)
    HAL_PCD_EP_Close                         0x08011785   Thumb Code   106  stm32f4xx_hal_pcd.o(i.HAL_PCD_EP_Close)
    HAL_PCD_EP_ClrStall                      0x080117ef   Thumb Code   124  stm32f4xx_hal_pcd.o(i.HAL_PCD_EP_ClrStall)
    HAL_PCD_EP_Open                          0x0801186b   Thumb Code   140  stm32f4xx_hal_pcd.o(i.HAL_PCD_EP_Open)
    HAL_PCD_EP_Receive                       0x080118f7   Thumb Code    88  stm32f4xx_hal_pcd.o(i.HAL_PCD_EP_Receive)
    HAL_PCD_EP_SetStall                      0x0801194f   Thumb Code   138  stm32f4xx_hal_pcd.o(i.HAL_PCD_EP_SetStall)
    HAL_PCD_EP_Transmit                      0x080119d9   Thumb Code    90  stm32f4xx_hal_pcd.o(i.HAL_PCD_EP_Transmit)
    HAL_PCD_IRQHandler                       0x08011a33   Thumb Code  1738  stm32f4xx_hal_pcd.o(i.HAL_PCD_IRQHandler)
    HAL_PCD_ISOINIncompleteCallback          0x080120fd   Thumb Code    18  usbd_conf.o(i.HAL_PCD_ISOINIncompleteCallback)
    HAL_PCD_ISOOUTIncompleteCallback         0x0801210f   Thumb Code    18  usbd_conf.o(i.HAL_PCD_ISOOUTIncompleteCallback)
    HAL_PCD_Init                             0x08012121   Thumb Code   358  stm32f4xx_hal_pcd.o(i.HAL_PCD_Init)
    HAL_PCD_MspInit                          0x08012289   Thumb Code   160  usbd_conf.o(i.HAL_PCD_MspInit)
    HAL_PCD_ResetCallback                    0x08012331   Thumb Code    36  usbd_conf.o(i.HAL_PCD_ResetCallback)
    HAL_PCD_ResumeCallback                   0x08012355   Thumb Code    14  usbd_conf.o(i.HAL_PCD_ResumeCallback)
    HAL_PCD_SOFCallback                      0x08012363   Thumb Code    14  usbd_conf.o(i.HAL_PCD_SOFCallback)
    HAL_PCD_SetAddress                       0x08012371   Thumb Code    54  stm32f4xx_hal_pcd.o(i.HAL_PCD_SetAddress)
    HAL_PCD_SetupStageCallback               0x080123a7   Thumb Code    18  usbd_conf.o(i.HAL_PCD_SetupStageCallback)
    HAL_PCD_Start                            0x080123b9   Thumb Code    74  stm32f4xx_hal_pcd.o(i.HAL_PCD_Start)
    HAL_PCD_SuspendCallback                  0x08012405   Thumb Code    46  usbd_conf.o(i.HAL_PCD_SuspendCallback)
    HAL_RCC_ClockConfig                      0x08012439   Thumb Code   368  stm32f4xx_hal_rcc.o(i.HAL_RCC_ClockConfig)
    HAL_RCC_GetHCLKFreq                      0x080125bd   Thumb Code     6  stm32f4xx_hal_rcc.o(i.HAL_RCC_GetHCLKFreq)
    HAL_RCC_GetPCLK1Freq                     0x080125c9   Thumb Code    22  stm32f4xx_hal_rcc.o(i.HAL_RCC_GetPCLK1Freq)
    HAL_RCC_GetSysClockFreq                  0x080125e9   Thumb Code   162  stm32f4xx_hal_rcc.o(i.HAL_RCC_GetSysClockFreq)
    HAL_RCC_OscConfig                        0x08012699   Thumb Code  1172  stm32f4xx_hal_rcc.o(i.HAL_RCC_OscConfig)
    HAL_SYSTICK_Config                       0x08012b35   Thumb Code    52  stm32f4xx_hal_cortex.o(i.HAL_SYSTICK_Config)
    HAL_TIMEx_BreakCallback                  0x08012b69   Thumb Code     2  stm32f4xx_hal_tim_ex.o(i.HAL_TIMEx_BreakCallback)
    HAL_TIMEx_CommutCallback                 0x08012b6b   Thumb Code     2  stm32f4xx_hal_tim_ex.o(i.HAL_TIMEx_CommutCallback)
    HAL_TIMEx_MasterConfigSynchronization    0x08012b6d   Thumb Code   134  stm32f4xx_hal_tim_ex.o(i.HAL_TIMEx_MasterConfigSynchronization)
    HAL_TIM_Base_Init                        0x08012c09   Thumb Code   102  stm32f4xx_hal_tim.o(i.HAL_TIM_Base_Init)
    HAL_TIM_Base_MspInit                     0x08012c71   Thumb Code   172  tim.o(i.HAL_TIM_Base_MspInit)
    HAL_TIM_Base_Start_IT                    0x08012d31   Thumb Code   122  stm32f4xx_hal_tim.o(i.HAL_TIM_Base_Start_IT)
    HAL_TIM_ConfigClockSource                0x08012dc1   Thumb Code   268  stm32f4xx_hal_tim.o(i.HAL_TIM_ConfigClockSource)
    HAL_TIM_ErrorCallback                    0x08012ecd   Thumb Code     2  stm32f4xx_hal_tim.o(i.HAL_TIM_ErrorCallback)
    HAL_TIM_IC_CaptureCallback               0x08012ecf   Thumb Code     2  stm32f4xx_hal_tim.o(i.HAL_TIM_IC_CaptureCallback)
    HAL_TIM_IRQHandler                       0x08012ed1   Thumb Code   406  stm32f4xx_hal_tim.o(i.HAL_TIM_IRQHandler)
    HAL_TIM_MspPostInit                      0x08013069   Thumb Code    86  tim.o(i.HAL_TIM_MspPostInit)
    HAL_TIM_OC_DelayElapsedCallback          0x080130cd   Thumb Code     2  stm32f4xx_hal_tim.o(i.HAL_TIM_OC_DelayElapsedCallback)
    HAL_TIM_PWM_ConfigChannel                0x080130cf   Thumb Code   260  stm32f4xx_hal_tim.o(i.HAL_TIM_PWM_ConfigChannel)
    HAL_TIM_PWM_Init                         0x080131d3   Thumb Code   102  stm32f4xx_hal_tim.o(i.HAL_TIM_PWM_Init)
    HAL_TIM_PWM_MspInit                      0x08013239   Thumb Code     2  stm32f4xx_hal_tim.o(i.HAL_TIM_PWM_MspInit)
    HAL_TIM_PWM_PulseFinishedCallback        0x0801323b   Thumb Code     2  dma.o(i.HAL_TIM_PWM_PulseFinishedCallback)
    HAL_TIM_PWM_PulseFinishedHalfCpltCallback 0x0801323d   Thumb Code     2  dma.o(i.HAL_TIM_PWM_PulseFinishedHalfCpltCallback)
    HAL_TIM_PWM_Start_DMA                    0x08013241   Thumb Code   520  stm32f4xx_hal_tim.o(i.HAL_TIM_PWM_Start_DMA)
    HAL_TIM_PWM_Stop_DMA                     0x08013469   Thumb Code   260  stm32f4xx_hal_tim.o(i.HAL_TIM_PWM_Stop_DMA)
    HAL_TIM_PeriodElapsedCallback            0x08013571   Thumb Code     2  stm32f4xx_hal_tim.o(i.HAL_TIM_PeriodElapsedCallback)
    HAL_TIM_TriggerCallback                  0x08013573   Thumb Code     2  stm32f4xx_hal_tim.o(i.HAL_TIM_TriggerCallback)
    HardFault_Handler                        0x08013575   Thumb Code     4  stm32f4xx_it.o(i.HardFault_Handler)
    MX_DMA_Init                              0x080138d9   Thumb Code    52  dma.o(i.MX_DMA_Init)
    MX_GPIO_Init                             0x08013911   Thumb Code   446  gpio.o(i.MX_GPIO_Init)
    MX_I2C1_Init                             0x08013ae1   Thumb Code    48  i2c.o(i.MX_I2C1_Init)
    MX_TIM4_Init                             0x08013b19   Thumb Code   152  tim.o(i.MX_TIM4_Init)
    MX_TIM9_Init                             0x08013bb9   Thumb Code    70  tim.o(i.MX_TIM9_Init)
    MX_USB_DEVICE_Init                       0x08013c09   Thumb Code    60  usb_device.o(i.MX_USB_DEVICE_Init)
    MemManage_Handler                        0x08013c55   Thumb Code     4  stm32f4xx_it.o(i.MemManage_Handler)
    My_ssd1306_WriteChar                     0x08013c59   Thumb Code   164  ssd1306.o(i.My_ssd1306_WriteChar)
    My_ssd1306_WriteString                   0x08013d01   Thumb Code    52  ssd1306.o(i.My_ssd1306_WriteString)
    NMI_Handler                              0x08013d35   Thumb Code     4  stm32f4xx_it.o(i.NMI_Handler)
    OTG_FS_IRQHandler                        0x08013d39   Thumb Code    10  stm32f4xx_it.o(i.OTG_FS_IRQHandler)
    PendSV_Handler                           0x08013fa7   Thumb Code     2  stm32f4xx_it.o(i.PendSV_Handler)
    PressKey                                 0x08013fa9   Thumb Code    28  keyboard.o(i.PressKey)
    PressKeyboard                            0x08013fc5   Thumb Code    28  keyboard.o(i.PressKeyboard)
    ReleaseKey                               0x08013fe1   Thumb Code    28  keyboard.o(i.ReleaseKey)
    ReleaseKeyboard                          0x08013ffd   Thumb Code    28  keyboard.o(i.ReleaseKeyboard)
    SVC_Handler                              0x08014019   Thumb Code     2  stm32f4xx_it.o(i.SVC_Handler)
    SysTick_Handler                          0x0801402d   Thumb Code     8  stm32f4xx_it.o(i.SysTick_Handler)
    SystemClock_Config                       0x08014035   Thumb Code   174  main.o(i.SystemClock_Config)
    SystemInit                               0x080140ed   Thumb Code    14  system_stm32f4xx.o(i.SystemInit)
    TIM1_BRK_TIM9_IRQHandler                 0x08014101   Thumb Code    16  stm32f4xx_it.o(i.TIM1_BRK_TIM9_IRQHandler)
    TIM2_Encoder_init                        0x08014119   Thumb Code   136  encoder.o(i.TIM2_Encoder_init)
    TIM3_Encoder_init                        0x080141a9   Thumb Code   160  encoder.o(i.TIM3_Encoder_init)
    TIM_Base_SetConfig                       0x08014255   Thumb Code   134  stm32f4xx_hal_tim.o(i.TIM_Base_SetConfig)
    TIM_CCxChannelCmd                        0x080142f9   Thumb Code    34  stm32f4xx_hal_tim.o(i.TIM_CCxChannelCmd)
    TIM_DMADelayPulseHalfCplt                0x08014383   Thumb Code    64  stm32f4xx_hal_tim.o(i.TIM_DMADelayPulseHalfCplt)
    TIM_DMAError                             0x080143c3   Thumb Code    94  stm32f4xx_hal_tim.o(i.TIM_DMAError)
    TIM_ETR_SetConfig                        0x08014421   Thumb Code    22  stm32f4xx_hal_tim.o(i.TIM_ETR_SetConfig)
    TIM_OC2_SetConfig                        0x080144a9   Thumb Code   100  stm32f4xx_hal_tim.o(i.TIM_OC2_SetConfig)
    USBD_CUSTOM_HID_ReceivePacket            0x08014935   Thumb Code    52  usbd_customhid.o(i.USBD_CUSTOM_HID_ReceivePacket)
    USBD_CUSTOM_HID_RegisterInterface        0x0801496d   Thumb Code    24  usbd_customhid.o(i.USBD_CUSTOM_HID_RegisterInterface)
    USBD_CUSTOM_HID_SendReport               0x08014985   Thumb Code    86  usbd_customhid.o(i.USBD_CUSTOM_HID_SendReport)
    USBD_ClrClassConfig                      0x08014b81   Thumb Code    28  usbd_core.o(i.USBD_ClrClassConfig)
    USBD_CoreFindEP                          0x08014bdb   Thumb Code     6  usbd_core.o(i.USBD_CoreFindEP)
    USBD_CoreFindIF                          0x08014be1   Thumb Code     6  usbd_core.o(i.USBD_CoreFindIF)
    USBD_CtlContinueRx                       0x08014be7   Thumb Code    24  usbd_ioreq.o(i.USBD_CtlContinueRx)
    USBD_CtlContinueSendData                 0x08014bff   Thumb Code    24  usbd_ioreq.o(i.USBD_CtlContinueSendData)
    USBD_CtlError                            0x08014c17   Thumb Code    24  usbd_ctlreq.o(i.USBD_CtlError)
    USBD_CtlPrepareRx                        0x08014c2f   Thumb Code    40  usbd_ioreq.o(i.USBD_CtlPrepareRx)
    USBD_CtlReceiveStatus                    0x08014c57   Thumb Code    26  usbd_ioreq.o(i.USBD_CtlReceiveStatus)
    USBD_CtlSendData                         0x08014c71   Thumb Code    34  usbd_ioreq.o(i.USBD_CtlSendData)
    USBD_CtlSendStatus                       0x08014c93   Thumb Code    26  usbd_ioreq.o(i.USBD_CtlSendStatus)
    USBD_FS_ConfigStrDescriptor              0x08014cad   Thumb Code    34  usbd_desc.o(i.USBD_FS_ConfigStrDescriptor)
    USBD_FS_DeviceDescriptor                 0x08014ce9   Thumb Code    10  usbd_desc.o(i.USBD_FS_DeviceDescriptor)
    USBD_FS_InterfaceStrDescriptor           0x08014cf9   Thumb Code    34  usbd_desc.o(i.USBD_FS_InterfaceStrDescriptor)
    USBD_FS_LangIDStrDescriptor              0x08014d39   Thumb Code    10  usbd_desc.o(i.USBD_FS_LangIDStrDescriptor)
    USBD_FS_ManufacturerStrDescriptor        0x08014d49   Thumb Code    20  usbd_desc.o(i.USBD_FS_ManufacturerStrDescriptor)
    USBD_FS_ProductStrDescriptor             0x08014d65   Thumb Code    34  usbd_desc.o(i.USBD_FS_ProductStrDescriptor)
    USBD_FS_SerialStrDescriptor              0x08014d9d   Thumb Code    18  usbd_desc.o(i.USBD_FS_SerialStrDescriptor)
    USBD_GetEpDesc                           0x08015007   Thumb Code    80  usbd_core.o(i.USBD_GetEpDesc)
    USBD_GetNextDesc                         0x0801506d   Thumb Code    20  usbd_core.o(i.USBD_GetNextDesc)
    USBD_GetString                           0x080150db   Thumb Code    84  usbd_ctlreq.o(i.USBD_GetString)
    USBD_Get_USB_Status                      0x0801512f   Thumb Code    44  usbd_conf.o(i.USBD_Get_USB_Status)
    USBD_Init                                0x0801515b   Thumb Code    58  usbd_core.o(i.USBD_Init)
    USBD_LL_ClearStallEP                     0x08015195   Thumb Code    38  usbd_conf.o(i.USBD_LL_ClearStallEP)
    USBD_LL_CloseEP                          0x080151bb   Thumb Code    38  usbd_conf.o(i.USBD_LL_CloseEP)
    USBD_LL_DataInStage                      0x080151e1   Thumb Code   264  usbd_core.o(i.USBD_LL_DataInStage)
    USBD_LL_DataOutStage                     0x080152e9   Thumb Code   258  usbd_core.o(i.USBD_LL_DataOutStage)
    USBD_LL_DevConnected                     0x080153eb   Thumb Code     6  usbd_core.o(i.USBD_LL_DevConnected)
    USBD_LL_DevDisconnected                  0x080153f1   Thumb Code    38  usbd_core.o(i.USBD_LL_DevDisconnected)
    USBD_LL_Init                             0x08015419   Thumb Code   100  usbd_conf.o(i.USBD_LL_Init)
    USBD_LL_IsStallEP                        0x08015481   Thumb Code    56  usbd_conf.o(i.USBD_LL_IsStallEP)
    USBD_LL_IsoINIncomplete                  0x080154b9   Thumb Code    72  usbd_core.o(i.USBD_LL_IsoINIncomplete)
    USBD_LL_IsoOUTIncomplete                 0x08015501   Thumb Code    72  usbd_core.o(i.USBD_LL_IsoOUTIncomplete)
    USBD_LL_OpenEP                           0x08015549   Thumb Code    48  usbd_conf.o(i.USBD_LL_OpenEP)
    USBD_LL_PrepareReceive                   0x08015579   Thumb Code    48  usbd_conf.o(i.USBD_LL_PrepareReceive)
    USBD_LL_Reset                            0x080155a9   Thumb Code   108  usbd_core.o(i.USBD_LL_Reset)
    USBD_LL_Resume                           0x08015615   Thumb Code    22  usbd_core.o(i.USBD_LL_Resume)
    USBD_LL_SOF                              0x0801562b   Thumb Code    40  usbd_core.o(i.USBD_LL_SOF)
    USBD_LL_SetSpeed                         0x08015653   Thumb Code     8  usbd_core.o(i.USBD_LL_SetSpeed)
    USBD_LL_SetUSBAddress                    0x0801565b   Thumb Code    38  usbd_conf.o(i.USBD_LL_SetUSBAddress)
    USBD_LL_SetupStage                       0x08015681   Thumb Code   118  usbd_core.o(i.USBD_LL_SetupStage)
    USBD_LL_StallEP                          0x080156f7   Thumb Code    38  usbd_conf.o(i.USBD_LL_StallEP)
    USBD_LL_Start                            0x0801571d   Thumb Code    30  usbd_conf.o(i.USBD_LL_Start)
    USBD_LL_Suspend                          0x0801573b   Thumb Code    20  usbd_core.o(i.USBD_LL_Suspend)
    USBD_LL_Transmit                         0x0801574f   Thumb Code    48  usbd_conf.o(i.USBD_LL_Transmit)
    USBD_ParseSetupRequest                   0x0801577f   Thumb Code    54  usbd_ctlreq.o(i.USBD_ParseSetupRequest)
    USBD_RegisterClass                       0x080157b5   Thumb Code    72  usbd_core.o(i.USBD_RegisterClass)
    USBD_RunTestMode                         0x080157fd   Thumb Code     6  usbd_core.o(i.USBD_RunTestMode)
    USBD_SetClassConfig                      0x0801585d   Thumb Code    32  usbd_core.o(i.USBD_SetClassConfig)
    USBD_Start                               0x080159b9   Thumb Code    12  usbd_core.o(i.USBD_Start)
    USBD_StdDevReq                           0x080159c5   Thumb Code   174  usbd_ctlreq.o(i.USBD_StdDevReq)
    USBD_StdEPReq                            0x08015a73   Thumb Code   640  usbd_ctlreq.o(i.USBD_StdEPReq)
    USBD_StdItfReq                           0x08015cf3   Thumb Code   174  usbd_ctlreq.o(i.USBD_StdItfReq)
    USBD_static_free                         0x08015da1   Thumb Code     2  usbd_conf.o(i.USBD_static_free)
    USBD_static_malloc                       0x08015da5   Thumb Code     6  usbd_conf.o(i.USBD_static_malloc)
    USB_ActivateEndpoint                     0x08015db1   Thumb Code   202  stm32f4xx_ll_usb.o(i.USB_ActivateEndpoint)
    USB_ActivateSetup                        0x08015e81   Thumb Code    40  stm32f4xx_ll_usb.o(i.USB_ActivateSetup)
    USB_CoreInit                             0x08015ea9   Thumb Code   128  stm32f4xx_ll_usb.o(i.USB_CoreInit)
    USB_DeactivateEndpoint                   0x08015f85   Thumb Code   318  stm32f4xx_ll_usb.o(i.USB_DeactivateEndpoint)
    USB_DevConnect                           0x080160d1   Thumb Code    36  stm32f4xx_ll_usb.o(i.USB_DevConnect)
    USB_DevDisconnect                        0x080160f5   Thumb Code    36  stm32f4xx_ll_usb.o(i.USB_DevDisconnect)
    USB_DevInit                              0x08016119   Thumb Code   472  stm32f4xx_ll_usb.o(i.USB_DevInit)
    USB_DisableGlobalInt                     0x080162f9   Thumb Code    14  stm32f4xx_ll_usb.o(i.USB_DisableGlobalInt)
    USB_EP0StartXfer                         0x08016309   Thumb Code   472  stm32f4xx_ll_usb.o(i.USB_EP0StartXfer)
    USB_EP0_OutStart                         0x080164e5   Thumb Code   106  stm32f4xx_ll_usb.o(i.USB_EP0_OutStart)
    USB_EPClearStall                         0x08016555   Thumb Code   142  stm32f4xx_ll_usb.o(i.USB_EPClearStall)
    USB_EPSetStall                           0x080165e3   Thumb Code   154  stm32f4xx_ll_usb.o(i.USB_EPSetStall)
    USB_EPStartXfer                          0x0801667d   Thumb Code   836  stm32f4xx_ll_usb.o(i.USB_EPStartXfer)
    USB_EPStopXfer                           0x080169c5   Thumb Code   236  stm32f4xx_ll_usb.o(i.USB_EPStopXfer)
    USB_EnableGlobalInt                      0x08016ab1   Thumb Code    14  stm32f4xx_ll_usb.o(i.USB_EnableGlobalInt)
    USB_FlushRxFifo                          0x08016ac1   Thumb Code    80  stm32f4xx_ll_usb.o(i.USB_FlushRxFifo)
    USB_FlushTxFifo                          0x08016b15   Thumb Code    84  stm32f4xx_ll_usb.o(i.USB_FlushTxFifo)
    USB_GetDevSpeed                          0x08016b6d   Thumb Code    38  stm32f4xx_ll_usb.o(i.USB_GetDevSpeed)
    USB_GetMode                              0x08016b93   Thumb Code    10  stm32f4xx_ll_usb.o(i.USB_GetMode)
    USB_ReadDevAllInEpInterrupt              0x08016b9d   Thumb Code    20  stm32f4xx_ll_usb.o(i.USB_ReadDevAllInEpInterrupt)
    USB_ReadDevAllOutEpInterrupt             0x08016bb1   Thumb Code    20  stm32f4xx_ll_usb.o(i.USB_ReadDevAllOutEpInterrupt)
    USB_ReadDevInEPInterrupt                 0x08016bc5   Thumb Code    50  stm32f4xx_ll_usb.o(i.USB_ReadDevInEPInterrupt)
    USB_ReadDevOutEPInterrupt                0x08016bf7   Thumb Code    26  stm32f4xx_ll_usb.o(i.USB_ReadDevOutEPInterrupt)
    USB_ReadInterrupts                       0x08016c11   Thumb Code    10  stm32f4xx_ll_usb.o(i.USB_ReadInterrupts)
    USB_ReadPacket                           0x08016c1b   Thumb Code    96  stm32f4xx_ll_usb.o(i.USB_ReadPacket)
    USB_SetCurrentMode                       0x08016c7b   Thumb Code   104  stm32f4xx_ll_usb.o(i.USB_SetCurrentMode)
    USB_SetDevAddress                        0x08016ce3   Thumb Code    42  stm32f4xx_ll_usb.o(i.USB_SetDevAddress)
    USB_SetDevSpeed                          0x08016d0d   Thumb Code    18  stm32f4xx_ll_usb.o(i.USB_SetDevSpeed)
    USB_SetTurnaroundTime                    0x08016d21   Thumb Code   192  stm32f4xx_ll_usb.o(i.USB_SetTurnaroundTime)
    USB_WritePacket                          0x08016e09   Thumb Code    68  stm32f4xx_ll_usb.o(i.USB_WritePacket)
    UsageFault_Handler                       0x08016e4d   Thumb Code     4  stm32f4xx_it.o(i.UsageFault_Handler)
    delay_ms                                 0x08016e89   Thumb Code    88  tim.o(i.delay_ms)
    encoder                                  0x08016ee9   Thumb Code   214  main.o(i.encoder)
    led                                      0x08016fcd   Thumb Code    20  led.o(i.led)
    logo_print                               0x08016fe1   Thumb Code    48  oled.o(i.logo_print)
    main                                     0x08017015   Thumb Code   164  main.o(i.main)
    mute_led                                 0x080170d9   Thumb Code    34  led.o(i.mute_led)
    oled_init                                0x08017101   Thumb Code     8  oled.o(i.oled_init)
    oled_print                               0x08017109   Thumb Code    44  main.o(i.oled_print)
    oled_update                              0x0801714d   Thumb Code     8  oled.o(i.oled_update)
    press_key                                0x08017155   Thumb Code   324  main.o(i.press_key)
    rgb_blue                                 0x080172a1   Thumb Code    44  rgb.o(i.rgb_blue)
    rgb_cyan                                 0x080172d5   Thumb Code    44  rgb.o(i.rgb_cyan)
    rgb_green                                0x08017309   Thumb Code    44  rgb.o(i.rgb_green)
    rgb_init                                 0x0801733d   Thumb Code     8  rgb.o(i.rgb_init)
    rgb_pulse                                0x08017345   Thumb Code   272  main.o(i.rgb_pulse)
    rgb_red                                  0x08017465   Thumb Code    44  rgb.o(i.rgb_red)
    rgb_violet                               0x08017499   Thumb Code    44  rgb.o(i.rgb_violet)
    rgb_wight                                0x080174cd   Thumb Code    44  rgb.o(i.rgb_wight)
    rgb_yellow                               0x08017501   Thumb Code    44  rgb.o(i.rgb_yellow)
    ssd1306_ClearBitmapArea                  0x08017535   Thumb Code    52  ssd1306.o(i.ssd1306_ClearBitmapArea)
    ssd1306_DrawBitmap                       0x08017569   Thumb Code   138  ssd1306.o(i.ssd1306_DrawBitmap)
    ssd1306_DrawPixel                        0x080175f5   Thumb Code   136  ssd1306.o(i.ssd1306_DrawPixel)
    ssd1306_Fill                             0x08017681   Thumb Code    28  ssd1306.o(i.ssd1306_Fill)
    ssd1306_FillArea                         0x080176a1   Thumb Code   248  ssd1306.o(i.ssd1306_FillArea)
    ssd1306_Init                             0x0801779d   Thumb Code   198  ssd1306.o(i.ssd1306_Init)
    ssd1306_Reset                            0x08017869   Thumb Code     2  ssd1306.o(i.ssd1306_Reset)
    ssd1306_SetContrast                      0x0801786b   Thumb Code    20  ssd1306.o(i.ssd1306_SetContrast)
    ssd1306_SetCursor                        0x08017881   Thumb Code     8  ssd1306.o(i.ssd1306_SetCursor)
    ssd1306_SetDisplayOn                     0x0801788d   Thumb Code    32  ssd1306.o(i.ssd1306_SetDisplayOn)
    ssd1306_UpdateScreen                     0x080178b1   Thumb Code    52  ssd1306.o(i.ssd1306_UpdateScreen)
    ssd1306_WriteChar                        0x080178e9   Thumb Code   184  ssd1306.o(i.ssd1306_WriteChar)
    ssd1306_WriteCommand                     0x080179a5   Thumb Code    34  ssd1306.o(i.ssd1306_WriteCommand)
    ssd1306_WriteData                        0x080179cd   Thumb Code    32  ssd1306.o(i.ssd1306_WriteData)
    ssd1306_WriteString                      0x080179f1   Thumb Code    44  ssd1306.o(i.ssd1306_WriteString)
    stat_led                                 0x08017a1d   Thumb Code   130  led.o(i.stat_led)
    state_print                              0x08017aa9   Thumb Code    90  oled.o(i.state_print)
    string_scroll                            0x08017b0d   Thumb Code    42  oled.o(i.string_scroll)
    title_print                              0x08017b3d   Thumb Code    78  oled.o(i.title_print)
    volume_full                              0x08017b95   Thumb Code    36  oled.o(i.volume_full)
    volume_half                              0x08017bbd   Thumb Code    36  oled.o(i.volume_half)
    volume_min                               0x08017be5   Thumb Code    36  oled.o(i.volume_min)
    volume_mute                              0x08017c0d   Thumb Code    36  oled.o(i.volume_mute)
    volume_print                             0x08017c35   Thumb Code   132  oled.o(i.volume_print)
    volume_zero                              0x08017cc5   Thumb Code    36  oled.o(i.volume_zero)
    ws2812_init                              0x08017ced   Thumb Code    20  ws2812.o(i.ws2812_init)
    ws2812_pixel_rgb_to_buf_dma              0x08017d05   Thumb Code   264  ws2812.o(i.ws2812_pixel_rgb_to_buf_dma)
    _fp_init                                 0x08017e11   Thumb Code    10  fpinit.o(x$fpl$fpinit)
    __fplib_config_fpu_vfp                   0x08017e19   Thumb Code     0  fpinit.o(x$fpl$fpinit)
    __fplib_config_pureend_doubles           0x08017e19   Thumb Code     0  fpinit.o(x$fpl$fpinit)
    char_width                               0x0801a0d8   Data         161  ssd1306_fonts.o(.constdata)
    full                                     0x0801a179   Data         100  oled.o(.constdata)
    play                                     0x0801a1dd   Data         100  oled.o(.constdata)
    puse                                     0x0801a241   Data          75  oled.o(.constdata)
    logo                                     0x0801a28c   Data         576  oled.o(.constdata)
    half                                     0x0801a4cc   Data          75  oled.o(.constdata)
    min                                      0x0801a517   Data          75  oled.o(.constdata)
    zero                                     0x0801a562   Data          50  oled.o(.constdata)
    mute                                     0x0801a594   Data         100  oled.o(.constdata)
    AHBPrescTable                            0x0801a600   Data          16  system_stm32f4xx.o(.constdata)
    APBPrescTable                            0x0801a610   Data           8  system_stm32f4xx.o(.constdata)
    Region$$Table$$Base                      0x0801a618   Number         0  anon$$obj.o(Region$$Table)
    Region$$Table$$Limit                     0x0801a638   Number         0  anon$$obj.o(Region$$Table)
    direction                                0x20000000   Data           1  main.o(.data)
    winampKey                                0x20000001   Data           1  main.o(.data)
    count                                    0x20000002   Data           1  main.o(.data)
    count_color                              0x20000004   Data           2  main.o(.data)
    rgb_way                                  0x20000006   Data           1  main.o(.data)
    consumer                                 0x20000007   Data           2  main.o(.data)
    keyboardhid                              0x20000009   Data           9  main.o(.data)
    newEncoderValue                          0x20000012   Data           2  main.o(.data)
    oldEncoderValue_2                        0x20000014   Data           2  main.o(.data)
    oldEncoderValue_3                        0x20000016   Data           2  main.o(.data)
    KeyState                                 0x20000018   Data           1  main.o(.data)
    time9_flag                               0x20000019   Data           1  stm32f4xx_it.o(.data)
    connect_usb                              0x2000001a   Data           1  stm32f4xx_it.o(.data)
    Font_16x17                               0x20000024   Data           8  ssd1306_fonts.o(.data)
    Font_11x18                               0x2000002c   Data           8  ssd1306_fonts.o(.data)
    char_scroll                              0x20000034   Data           1  oled.o(.data)
    FS_Desc                                  0x20000038   Data          28  usbd_desc.o(.data)
    USBD_FS_DeviceDesc                       0x20000054   Data          18  usbd_desc.o(.data)
    USBD_LangIDDesc                          0x20000068   Data           4  usbd_desc.o(.data)
    USBD_StringSerial                        0x2000006c   Data          26  usbd_desc.o(.data)
    volume_packet                            0x20000088   Data           1  usbd_custom_hid_if.o(.data)
    title_flag                               0x20000089   Data           1  usbd_custom_hid_if.o(.data)
    volume_flag                              0x2000008a   Data           1  usbd_custom_hid_if.o(.data)
    state_flag                               0x2000008b   Data           1  usbd_custom_hid_if.o(.data)
    prog_name_flag                           0x2000008c   Data           1  usbd_custom_hid_if.o(.data)
    connect_flag                             0x2000008d   Data           1  usbd_custom_hid_if.o(.data)
    connect_state                            0x2000008e   Data           1  usbd_custom_hid_if.o(.data)
    USBD_CustomHID_fops_FS                   0x20000114   Data          16  usbd_custom_hid_if.o(.data)
    uwTick                                   0x20000124   Data           4  stm32f4xx_hal.o(.data)
    uwTickPrio                               0x20000128   Data           4  stm32f4xx_hal.o(.data)
    uwTickFreq                               0x2000012c   Data           1  stm32f4xx_hal.o(.data)
    SystemCoreClock                          0x20000130   Data           4  system_stm32f4xx.o(.data)
    USBD_CUSTOM_HID                          0x20000138   Data          56  usbd_customhid.o(.data)
    hi2c1                                    0x200001b4   Data          84  main.o(.bss)
    win_media                                0x20000208   Data         108  main.o(.bss)
    htim4                                    0x20000674   Data          72  tim.o(.bss)
    htim9                                    0x200006bc   Data          72  tim.o(.bss)
    hdma_tim4_ch3                            0x20000704   Data          96  tim.o(.bss)
    BUF_DMA                                  0x20000764   Data         292  ws2812.o(.bss)
    rgb_temp                                 0x20000888   Data          36  ws2812.o(.bss)
    hUsbDeviceFS                             0x200008ac   Data         732  usb_device.o(.bss)
    USBD_StrDesc                             0x20000b88   Data         512  usbd_desc.o(.bss)
    getpacket                                0x20000d88   Data         100  usbd_custom_hid_if.o(.bss)
    hpcd_USB_OTG_FS                          0x20000dec   Data        1292  usbd_conf.o(.bss)
    __libspace_start                         0x20001374   Data          96  libspace.o(.bss)
    __temporary_stack_top$libspace           0x200013d4   Data           0  libspace.o(.bss)



==============================================================================

Memory Map of the image

  Image Entry point : 0x08010195

  Load Region LR_IROM1 (Base: 0x08010000, Size: 0x0000a7ec, Max: 0x00030000, ABSOLUTE, COMPRESSED[0x0000a768])

    Execution Region ER_IROM1 (Exec base: 0x08010000, Load base: 0x08010000, Size: 0x0000a638, Max: 0x00030000, ABSOLUTE)

    Exec Addr    Load Addr    Size         Type   Attr      Idx    E Section Name        Object

    0x08010000   0x08010000   0x00000194   Data   RO            3    RESET               startup_stm32f401xc.o
    0x08010194   0x08010194   0x00000008   Code   RO         5337  * !!!main             c_w.l(__main.o)
    0x0801019c   0x0801019c   0x00000034   Code   RO         5625    !!!scatter          c_w.l(__scatter.o)
    0x080101d0   0x080101d0   0x0000005a   Code   RO         5623    !!dczerorl2         c_w.l(__dczerorl2.o)
    0x0801022a   0x0801022a   0x00000002   PAD
    0x0801022c   0x0801022c   0x0000001c   Code   RO         5627    !!handler_zi        c_w.l(__scatter_zi.o)
    0x08010248   0x08010248   0x00000000   Code   RO         5328    .ARM.Collect$$_printf_percent$$00000000  c_w.l(_printf_percent.o)
    0x08010248   0x08010248   0x00000006   Code   RO         5327    .ARM.Collect$$_printf_percent$$00000009  c_w.l(_printf_d.o)
    0x0801024e   0x0801024e   0x00000004   Code   RO         5398    .ARM.Collect$$_printf_percent$$00000017  c_w.l(_printf_percent_end.o)
    0x08010252   0x08010252   0x00000002   Code   RO         5494    .ARM.Collect$$libinit$$00000000  c_w.l(libinit.o)
    0x08010254   0x08010254   0x00000004   Code   RO         5503    .ARM.Collect$$libinit$$00000001  c_w.l(libinit2.o)
    0x08010258   0x08010258   0x00000000   Code   RO         5506    .ARM.Collect$$libinit$$00000004  c_w.l(libinit2.o)
    0x08010258   0x08010258   0x00000000   Code   RO         5509    .ARM.Collect$$libinit$$0000000A  c_w.l(libinit2.o)
    0x08010258   0x08010258   0x00000000   Code   RO         5511    .ARM.Collect$$libinit$$0000000C  c_w.l(libinit2.o)
    0x08010258   0x08010258   0x00000000   Code   RO         5513    .ARM.Collect$$libinit$$0000000E  c_w.l(libinit2.o)
    0x08010258   0x08010258   0x00000000   Code   RO         5516    .ARM.Collect$$libinit$$00000011  c_w.l(libinit2.o)
    0x08010258   0x08010258   0x00000000   Code   RO         5518    .ARM.Collect$$libinit$$00000013  c_w.l(libinit2.o)
    0x08010258   0x08010258   0x00000000   Code   RO         5520    .ARM.Collect$$libinit$$00000015  c_w.l(libinit2.o)
    0x08010258   0x08010258   0x00000000   Code   RO         5522    .ARM.Collect$$libinit$$00000017  c_w.l(libinit2.o)
    0x08010258   0x08010258   0x00000000   Code   RO         5524    .ARM.Collect$$libinit$$00000019  c_w.l(libinit2.o)
    0x08010258   0x08010258   0x00000000   Code   RO         5526    .ARM.Collect$$libinit$$0000001B  c_w.l(libinit2.o)
    0x08010258   0x08010258   0x00000000   Code   RO         5528    .ARM.Collect$$libinit$$0000001D  c_w.l(libinit2.o)
    0x08010258   0x08010258   0x00000000   Code   RO         5530    .ARM.Collect$$libinit$$0000001F  c_w.l(libinit2.o)
    0x08010258   0x08010258   0x00000000   Code   RO         5532    .ARM.Collect$$libinit$$00000021  c_w.l(libinit2.o)
    0x08010258   0x08010258   0x00000000   Code   RO         5534    .ARM.Collect$$libinit$$00000023  c_w.l(libinit2.o)
    0x08010258   0x08010258   0x00000000   Code   RO         5536    .ARM.Collect$$libinit$$00000025  c_w.l(libinit2.o)
    0x08010258   0x08010258   0x00000000   Code   RO         5540    .ARM.Collect$$libinit$$0000002C  c_w.l(libinit2.o)
    0x08010258   0x08010258   0x00000000   Code   RO         5542    .ARM.Collect$$libinit$$0000002E  c_w.l(libinit2.o)
    0x08010258   0x08010258   0x00000000   Code   RO         5544    .ARM.Collect$$libinit$$00000030  c_w.l(libinit2.o)
    0x08010258   0x08010258   0x00000000   Code   RO         5546    .ARM.Collect$$libinit$$00000032  c_w.l(libinit2.o)
    0x08010258   0x08010258   0x00000002   Code   RO         5547    .ARM.Collect$$libinit$$00000033  c_w.l(libinit2.o)
    0x0801025a   0x0801025a   0x00000002   Code   RO         5578    .ARM.Collect$$libshutdown$$00000000  c_w.l(libshutdown.o)
    0x0801025c   0x0801025c   0x00000000   Code   RO         5604    .ARM.Collect$$libshutdown$$00000002  c_w.l(libshutdown2.o)
    0x0801025c   0x0801025c   0x00000000   Code   RO         5606    .ARM.Collect$$libshutdown$$00000004  c_w.l(libshutdown2.o)
    0x0801025c   0x0801025c   0x00000000   Code   RO         5608    .ARM.Collect$$libshutdown$$00000006  c_w.l(libshutdown2.o)
    0x0801025c   0x0801025c   0x00000000   Code   RO         5611    .ARM.Collect$$libshutdown$$00000009  c_w.l(libshutdown2.o)
    0x0801025c   0x0801025c   0x00000000   Code   RO         5614    .ARM.Collect$$libshutdown$$0000000C  c_w.l(libshutdown2.o)
    0x0801025c   0x0801025c   0x00000000   Code   RO         5616    .ARM.Collect$$libshutdown$$0000000E  c_w.l(libshutdown2.o)
    0x0801025c   0x0801025c   0x00000000   Code   RO         5619    .ARM.Collect$$libshutdown$$00000011  c_w.l(libshutdown2.o)
    0x0801025c   0x0801025c   0x00000002   Code   RO         5620    .ARM.Collect$$libshutdown$$00000012  c_w.l(libshutdown2.o)
    0x0801025e   0x0801025e   0x00000000   Code   RO         5383    .ARM.Collect$$rtentry$$00000000  c_w.l(__rtentry.o)
    0x0801025e   0x0801025e   0x00000000   Code   RO         5439    .ARM.Collect$$rtentry$$00000002  c_w.l(__rtentry2.o)
    0x0801025e   0x0801025e   0x00000006   Code   RO         5451    .ARM.Collect$$rtentry$$00000004  c_w.l(__rtentry4.o)
    0x08010264   0x08010264   0x00000000   Code   RO         5441    .ARM.Collect$$rtentry$$00000009  c_w.l(__rtentry2.o)
    0x08010264   0x08010264   0x00000004   Code   RO         5442    .ARM.Collect$$rtentry$$0000000A  c_w.l(__rtentry2.o)
    0x08010268   0x08010268   0x00000000   Code   RO         5444    .ARM.Collect$$rtentry$$0000000C  c_w.l(__rtentry2.o)
    0x08010268   0x08010268   0x00000008   Code   RO         5445    .ARM.Collect$$rtentry$$0000000D  c_w.l(__rtentry2.o)
    0x08010270   0x08010270   0x00000002   Code   RO         5495    .ARM.Collect$$rtexit$$00000000  c_w.l(rtexit.o)
    0x08010272   0x08010272   0x00000000   Code   RO         5551    .ARM.Collect$$rtexit$$00000002  c_w.l(rtexit2.o)
    0x08010272   0x08010272   0x00000004   Code   RO         5552    .ARM.Collect$$rtexit$$00000003  c_w.l(rtexit2.o)
    0x08010276   0x08010276   0x00000006   Code   RO         5553    .ARM.Collect$$rtexit$$00000004  c_w.l(rtexit2.o)
    0x0801027c   0x0801027c   0x00000040   Code   RO            4    .text               startup_stm32f401xc.o
    0x080102bc   0x080102bc   0x000000ee   Code   RO         5297    .text               c_w.l(lludivv7m.o)
    0x080103aa   0x080103aa   0x00000002   PAD
    0x080103ac   0x080103ac   0x00000034   Code   RO         5301    .text               c_w.l(noretval__2snprintf.o)
    0x080103e0   0x080103e0   0x00000068   Code   RO         5303    .text               c_w.l(__printf.o)
    0x08010448   0x08010448   0x00000078   Code   RO         5305    .text               c_w.l(_printf_dec.o)
    0x080104c0   0x080104c0   0x00000064   Code   RO         5331    .text               c_w.l(rt_memcpy_w.o)
    0x08010524   0x08010524   0x0000004e   Code   RO         5333    .text               c_w.l(rt_memclr_w.o)
    0x08010572   0x08010572   0x00000006   Code   RO         5335    .text               c_w.l(heapauxi.o)
    0x08010578   0x08010578   0x000000b2   Code   RO         5390    .text               c_w.l(_printf_intcommon.o)
    0x0801062a   0x0801062a   0x00000002   PAD
    0x0801062c   0x0801062c   0x00000030   Code   RO         5392    .text               c_w.l(_printf_char_common.o)
    0x0801065c   0x0801065c   0x0000000a   Code   RO         5394    .text               c_w.l(_sputc.o)
    0x08010666   0x08010666   0x00000010   Code   RO         5396    .text               c_w.l(_snputc.o)
    0x08010676   0x08010676   0x00000002   PAD
    0x08010678   0x08010678   0x00000008   Code   RO         5478    .text               c_w.l(libspace.o)
    0x08010680   0x08010680   0x0000004a   Code   RO         5481    .text               c_w.l(sys_stackheap_outer.o)
    0x080106ca   0x080106ca   0x00000012   Code   RO         5483    .text               c_w.l(exit.o)
    0x080106dc   0x080106dc   0x0000000c   Code   RO         5548    .text               c_w.l(sys_exit.o)
    0x080106e8   0x080106e8   0x00000002   Code   RO         5567    .text               c_w.l(use_no_semi.o)
    0x080106ea   0x080106ea   0x00000000   Code   RO         5569    .text               c_w.l(indicate_semi.o)
    0x080106ea   0x080106ea   0x00000004   Code   RO          234    i.BusFault_Handler  stm32f4xx_it.o
    0x080106ee   0x080106ee   0x00000004   Code   RO         1274    i.CUSTOM_HID_DeInit_FS  usbd_custom_hid_if.o
    0x080106f2   0x080106f2   0x00000004   Code   RO         1275    i.CUSTOM_HID_Init_FS  usbd_custom_hid_if.o
    0x080106f6   0x080106f6   0x00000002   PAD
    0x080106f8   0x080106f8   0x00000138   Code   RO         1276    i.CUSTOM_HID_OutEvent_FS  usbd_custom_hid_if.o
    0x08010830   0x08010830   0x00000024   Code   RO          235    i.DMA1_Stream7_IRQHandler  stm32f4xx_it.o
    0x08010854   0x08010854   0x00000034   Code   RO         2656    i.DMA_CalcBaseAndBitshift  stm32f4xx_hal_dma.o
    0x08010888   0x08010888   0x000000aa   Code   RO         2657    i.DMA_CheckFifoParam  stm32f4xx_hal_dma.o
    0x08010932   0x08010932   0x0000002c   Code   RO         2658    i.DMA_SetConfig     stm32f4xx_hal_dma.o
    0x0801095e   0x0801095e   0x00000002   Code   RO          236    i.DebugMon_Handler  stm32f4xx_it.o
    0x08010960   0x08010960   0x0000000a   Code   RO          237    i.EXTI0_IRQHandler  stm32f4xx_it.o
    0x0801096a   0x0801096a   0x0000000c   Code   RO          238    i.EXTI15_10_IRQHandler  stm32f4xx_it.o
    0x08010976   0x08010976   0x0000000a   Code   RO          239    i.EXTI1_IRQHandler  stm32f4xx_it.o
    0x08010980   0x08010980   0x0000000a   Code   RO          240    i.EXTI2_IRQHandler  stm32f4xx_it.o
    0x0801098a   0x0801098a   0x0000000a   Code   RO          241    i.EXTI3_IRQHandler  stm32f4xx_it.o
    0x08010994   0x08010994   0x0000000a   Code   RO          242    i.EXTI4_IRQHandler  stm32f4xx_it.o
    0x0801099e   0x0801099e   0x0000001a   Code   RO          243    i.EXTI9_5_IRQHandler  stm32f4xx_it.o
    0x080109b8   0x080109b8   0x0000000c   Code   RO          418    i.Encoder_init      encoder.o
    0x080109c4   0x080109c4   0x00000006   Code   RO           13    i.Error_Handler     main.o
    0x080109ca   0x080109ca   0x00000002   PAD
    0x080109cc   0x080109cc   0x00000034   Code   RO         1184    i.Get_SerialNum     usbd_desc.o
    0x08010a00   0x08010a00   0x00000028   Code   RO         2660    i.HAL_DMA_Abort_IT  stm32f4xx_hal_dma.o
    0x08010a28   0x08010a28   0x00000008   Code   RO         2663    i.HAL_DMA_GetState  stm32f4xx_hal_dma.o
    0x08010a30   0x08010a30   0x00000240   Code   RO         2664    i.HAL_DMA_IRQHandler  stm32f4xx_hal_dma.o
    0x08010c70   0x08010c70   0x000000ec   Code   RO         2665    i.HAL_DMA_Init      stm32f4xx_hal_dma.o
    0x08010d5c   0x08010d5c   0x00000092   Code   RO         2669    i.HAL_DMA_Start_IT  stm32f4xx_hal_dma.o
    0x08010dee   0x08010dee   0x00000002   PAD
    0x08010df0   0x08010df0   0x00000028   Code   RO         3107    i.HAL_Delay         stm32f4xx_hal.o
    0x08010e18   0x08010e18   0x00000068   Code   RO          244    i.HAL_GPIO_EXTI_Callback  stm32f4xx_it.o
    0x08010e80   0x08010e80   0x0000001c   Code   RO         2551    i.HAL_GPIO_EXTI_IRQHandler  stm32f4xx_hal_gpio.o
    0x08010e9c   0x08010e9c   0x000001c8   Code   RO         2552    i.HAL_GPIO_Init     stm32f4xx_hal_gpio.o
    0x08011064   0x08011064   0x0000000c   Code   RO         2556    i.HAL_GPIO_WritePin  stm32f4xx_hal_gpio.o
    0x08011070   0x08011070   0x0000000c   Code   RO         3113    i.HAL_GetTick       stm32f4xx_hal.o
    0x0801107c   0x0801107c   0x000001d0   Code   RO         3369    i.HAL_I2C_Init      stm32f4xx_hal_i2c.o
    0x0801124c   0x0801124c   0x00000164   Code   RO         3390    i.HAL_I2C_Mem_Write  stm32f4xx_hal_i2c.o
    0x080113b0   0x080113b0   0x00000130   Code   RO          383    i.HAL_I2C_MspInit   stm32f4xx_hal_msp.o
    0x080114e0   0x080114e0   0x00000018   Code   RO         3119    i.HAL_IncTick       stm32f4xx_hal.o
    0x080114f8   0x080114f8   0x0000003c   Code   RO         3120    i.HAL_Init          stm32f4xx_hal.o
    0x08011534   0x08011534   0x0000004c   Code   RO         3121    i.HAL_InitTick      stm32f4xx_hal.o
    0x08011580   0x08011580   0x00000048   Code   RO          384    i.HAL_MspInit       stm32f4xx_hal_msp.o
    0x080115c8   0x080115c8   0x00000020   Code   RO         2965    i.HAL_NVIC_EnableIRQ  stm32f4xx_hal_cortex.o
    0x080115e8   0x080115e8   0x0000007c   Code   RO         2971    i.HAL_NVIC_SetPriority  stm32f4xx_hal_cortex.o
    0x08011664   0x08011664   0x00000028   Code   RO         2972    i.HAL_NVIC_SetPriorityGrouping  stm32f4xx_hal_cortex.o
    0x0801168c   0x0801168c   0x00000002   Code   RO         1766    i.HAL_PCDEx_LPM_Callback  stm32f4xx_hal_pcd_ex.o
    0x0801168e   0x0801168e   0x0000000a   Code   RO         1767    i.HAL_PCDEx_SetRxFiFo  stm32f4xx_hal_pcd_ex.o
    0x08011698   0x08011698   0x0000004e   Code   RO         1768    i.HAL_PCDEx_SetTxFiFo  stm32f4xx_hal_pcd_ex.o
    0x080116e6   0x080116e6   0x0000000e   Code   RO         1315    i.HAL_PCD_ConnectCallback  usbd_conf.o
    0x080116f4   0x080116f4   0x00000020   Code   RO         1316    i.HAL_PCD_DataInStageCallback  usbd_conf.o
    0x08011714   0x08011714   0x00000020   Code   RO         1317    i.HAL_PCD_DataOutStageCallback  usbd_conf.o
    0x08011734   0x08011734   0x0000000e   Code   RO         1318    i.HAL_PCD_DisconnectCallback  usbd_conf.o
    0x08011742   0x08011742   0x00000042   Code   RO         1531    i.HAL_PCD_EP_Abort  stm32f4xx_hal_pcd.o
    0x08011784   0x08011784   0x0000006a   Code   RO         1532    i.HAL_PCD_EP_Close  stm32f4xx_hal_pcd.o
    0x080117ee   0x080117ee   0x0000007c   Code   RO         1533    i.HAL_PCD_EP_ClrStall  stm32f4xx_hal_pcd.o
    0x0801186a   0x0801186a   0x0000008c   Code   RO         1536    i.HAL_PCD_EP_Open   stm32f4xx_hal_pcd.o
    0x080118f6   0x080118f6   0x00000058   Code   RO         1537    i.HAL_PCD_EP_Receive  stm32f4xx_hal_pcd.o
    0x0801194e   0x0801194e   0x0000008a   Code   RO         1538    i.HAL_PCD_EP_SetStall  stm32f4xx_hal_pcd.o
    0x080119d8   0x080119d8   0x0000005a   Code   RO         1539    i.HAL_PCD_EP_Transmit  stm32f4xx_hal_pcd.o
    0x08011a32   0x08011a32   0x000006ca   Code   RO         1541    i.HAL_PCD_IRQHandler  stm32f4xx_hal_pcd.o
    0x080120fc   0x080120fc   0x00000012   Code   RO         1319    i.HAL_PCD_ISOINIncompleteCallback  usbd_conf.o
    0x0801210e   0x0801210e   0x00000012   Code   RO         1320    i.HAL_PCD_ISOOUTIncompleteCallback  usbd_conf.o
    0x08012120   0x08012120   0x00000166   Code   RO         1544    i.HAL_PCD_Init      stm32f4xx_hal_pcd.o
    0x08012286   0x08012286   0x00000002   PAD
    0x08012288   0x08012288   0x000000a8   Code   RO         1322    i.HAL_PCD_MspInit   usbd_conf.o
    0x08012330   0x08012330   0x00000024   Code   RO         1323    i.HAL_PCD_ResetCallback  usbd_conf.o
    0x08012354   0x08012354   0x0000000e   Code   RO         1324    i.HAL_PCD_ResumeCallback  usbd_conf.o
    0x08012362   0x08012362   0x0000000e   Code   RO         1325    i.HAL_PCD_SOFCallback  usbd_conf.o
    0x08012370   0x08012370   0x00000036   Code   RO         1550    i.HAL_PCD_SetAddress  stm32f4xx_hal_pcd.o
    0x080123a6   0x080123a6   0x00000012   Code   RO         1326    i.HAL_PCD_SetupStageCallback  usbd_conf.o
    0x080123b8   0x080123b8   0x0000004a   Code   RO         1553    i.HAL_PCD_Start     stm32f4xx_hal_pcd.o
    0x08012402   0x08012402   0x00000002   PAD
    0x08012404   0x08012404   0x00000034   Code   RO         1327    i.HAL_PCD_SuspendCallback  usbd_conf.o
    0x08012438   0x08012438   0x00000184   Code   RO         2119    i.HAL_RCC_ClockConfig  stm32f4xx_hal_rcc.o
    0x080125bc   0x080125bc   0x0000000c   Code   RO         2124    i.HAL_RCC_GetHCLKFreq  stm32f4xx_hal_rcc.o
    0x080125c8   0x080125c8   0x00000020   Code   RO         2126    i.HAL_RCC_GetPCLK1Freq  stm32f4xx_hal_rcc.o
    0x080125e8   0x080125e8   0x000000b0   Code   RO         2128    i.HAL_RCC_GetSysClockFreq  stm32f4xx_hal_rcc.o
    0x08012698   0x08012698   0x0000049c   Code   RO         2131    i.HAL_RCC_OscConfig  stm32f4xx_hal_rcc.o
    0x08012b34   0x08012b34   0x00000034   Code   RO         2976    i.HAL_SYSTICK_Config  stm32f4xx_hal_cortex.o
    0x08012b68   0x08012b68   0x00000002   Code   RO         4577    i.HAL_TIMEx_BreakCallback  stm32f4xx_hal_tim_ex.o
    0x08012b6a   0x08012b6a   0x00000002   Code   RO         4578    i.HAL_TIMEx_CommutCallback  stm32f4xx_hal_tim_ex.o
    0x08012b6c   0x08012b6c   0x0000009c   Code   RO         4596    i.HAL_TIMEx_MasterConfigSynchronization  stm32f4xx_hal_tim_ex.o
    0x08012c08   0x08012c08   0x00000066   Code   RO         3862    i.HAL_TIM_Base_Init  stm32f4xx_hal_tim.o
    0x08012c6e   0x08012c6e   0x00000002   PAD
    0x08012c70   0x08012c70   0x000000c0   Code   RO          787    i.HAL_TIM_Base_MspInit  tim.o
    0x08012d30   0x08012d30   0x00000090   Code   RO         3867    i.HAL_TIM_Base_Start_IT  stm32f4xx_hal_tim.o
    0x08012dc0   0x08012dc0   0x0000010c   Code   RO         3871    i.HAL_TIM_ConfigClockSource  stm32f4xx_hal_tim.o
    0x08012ecc   0x08012ecc   0x00000002   Code   RO         3892    i.HAL_TIM_ErrorCallback  stm32f4xx_hal_tim.o
    0x08012ece   0x08012ece   0x00000002   Code   RO         3896    i.HAL_TIM_IC_CaptureCallback  stm32f4xx_hal_tim.o
    0x08012ed0   0x08012ed0   0x00000196   Code   RO         3910    i.HAL_TIM_IRQHandler  stm32f4xx_hal_tim.o
    0x08013066   0x08013066   0x00000002   PAD
    0x08013068   0x08013068   0x00000064   Code   RO          788    i.HAL_TIM_MspPostInit  tim.o
    0x080130cc   0x080130cc   0x00000002   Code   RO         3913    i.HAL_TIM_OC_DelayElapsedCallback  stm32f4xx_hal_tim.o
    0x080130ce   0x080130ce   0x00000104   Code   RO         3934    i.HAL_TIM_PWM_ConfigChannel  stm32f4xx_hal_tim.o
    0x080131d2   0x080131d2   0x00000066   Code   RO         3937    i.HAL_TIM_PWM_Init  stm32f4xx_hal_tim.o
    0x08013238   0x08013238   0x00000002   Code   RO         3939    i.HAL_TIM_PWM_MspInit  stm32f4xx_hal_tim.o
    0x0801323a   0x0801323a   0x00000002   Code   RO          750    i.HAL_TIM_PWM_PulseFinishedCallback  dma.o
    0x0801323c   0x0801323c   0x00000002   Code   RO          751    i.HAL_TIM_PWM_PulseFinishedHalfCpltCallback  dma.o
    0x0801323e   0x0801323e   0x00000002   PAD
    0x08013240   0x08013240   0x00000228   Code   RO         3943    i.HAL_TIM_PWM_Start_DMA  stm32f4xx_hal_tim.o
    0x08013468   0x08013468   0x00000108   Code   RO         3946    i.HAL_TIM_PWM_Stop_DMA  stm32f4xx_hal_tim.o
    0x08013570   0x08013570   0x00000002   Code   RO         3948    i.HAL_TIM_PeriodElapsedCallback  stm32f4xx_hal_tim.o
    0x08013572   0x08013572   0x00000002   Code   RO         3953    i.HAL_TIM_TriggerCallback  stm32f4xx_hal_tim.o
    0x08013574   0x08013574   0x00000004   Code   RO          245    i.HardFault_Handler  stm32f4xx_it.o
    0x08013578   0x08013578   0x0000003e   Code   RO         3412    i.I2C_IsAcknowledgeFailed  stm32f4xx_hal_i2c.o
    0x080135b6   0x080135b6   0x00000002   PAD
    0x080135b8   0x080135b8   0x000000e0   Code   RO         3424    i.I2C_RequestMemoryWrite  stm32f4xx_hal_i2c.o
    0x08013698   0x08013698   0x0000005c   Code   RO         3432    i.I2C_WaitOnBTFFlagUntilTimeout  stm32f4xx_hal_i2c.o
    0x080136f4   0x080136f4   0x00000086   Code   RO         3433    i.I2C_WaitOnFlagUntilTimeout  stm32f4xx_hal_i2c.o
    0x0801377a   0x0801377a   0x000000c4   Code   RO         3434    i.I2C_WaitOnMasterAddressFlagUntilTimeout  stm32f4xx_hal_i2c.o
    0x0801383e   0x0801383e   0x0000005c   Code   RO         3438    i.I2C_WaitOnTXEFlagUntilTimeout  stm32f4xx_hal_i2c.o
    0x0801389a   0x0801389a   0x0000003e   Code   RO         1185    i.IntToUnicode      usbd_desc.o
    0x080138d8   0x080138d8   0x00000038   Code   RO          752    i.MX_DMA_Init       dma.o
    0x08013910   0x08013910   0x000001d0   Code   RO          702    i.MX_GPIO_Init      gpio.o
    0x08013ae0   0x08013ae0   0x00000038   Code   RO          726    i.MX_I2C1_Init      i2c.o
    0x08013b18   0x08013b18   0x000000a0   Code   RO          789    i.MX_TIM4_Init      tim.o
    0x08013bb8   0x08013bb8   0x00000050   Code   RO          790    i.MX_TIM9_Init      tim.o
    0x08013c08   0x08013c08   0x0000004c   Code   RO         1136    i.MX_USB_DEVICE_Init  usb_device.o
    0x08013c54   0x08013c54   0x00000004   Code   RO          246    i.MemManage_Handler  stm32f4xx_it.o
    0x08013c58   0x08013c58   0x000000a8   Code   RO          455    i.My_ssd1306_WriteChar  ssd1306.o
    0x08013d00   0x08013d00   0x00000034   Code   RO          456    i.My_ssd1306_WriteString  ssd1306.o
    0x08013d34   0x08013d34   0x00000004   Code   RO          247    i.NMI_Handler       stm32f4xx_it.o
    0x08013d38   0x08013d38   0x00000010   Code   RO          248    i.OTG_FS_IRQHandler  stm32f4xx_it.o
    0x08013d48   0x08013d48   0x00000064   Code   RO         1557    i.PCD_EP_OutSetupPacket_int  stm32f4xx_hal_pcd.o
    0x08013dac   0x08013dac   0x00000144   Code   RO         1558    i.PCD_EP_OutXfrComplete_int  stm32f4xx_hal_pcd.o
    0x08013ef0   0x08013ef0   0x000000b6   Code   RO         1559    i.PCD_WriteEmptyTxFifo  stm32f4xx_hal_pcd.o
    0x08013fa6   0x08013fa6   0x00000002   Code   RO          249    i.PendSV_Handler    stm32f4xx_it.o
    0x08013fa8   0x08013fa8   0x0000001c   Code   RO          922    i.PressKey          keyboard.o
    0x08013fc4   0x08013fc4   0x0000001c   Code   RO          923    i.PressKeyboard     keyboard.o
    0x08013fe0   0x08013fe0   0x0000001c   Code   RO          924    i.ReleaseKey        keyboard.o
    0x08013ffc   0x08013ffc   0x0000001c   Code   RO          925    i.ReleaseKeyboard   keyboard.o
    0x08014018   0x08014018   0x00000002   Code   RO          250    i.SVC_Handler       stm32f4xx_it.o
    0x0801401a   0x0801401a   0x00000012   Code   RO         5043    i.SWAPBYTE          usbd_ctlreq.o
    0x0801402c   0x0801402c   0x00000008   Code   RO          251    i.SysTick_Handler   stm32f4xx_it.o
    0x08014034   0x08014034   0x000000b8   Code   RO           14    i.SystemClock_Config  main.o
    0x080140ec   0x080140ec   0x00000014   Code   RO         4845    i.SystemInit        system_stm32f4xx.o
    0x08014100   0x08014100   0x00000018   Code   RO          252    i.TIM1_BRK_TIM9_IRQHandler  stm32f4xx_it.o
    0x08014118   0x08014118   0x00000090   Code   RO          419    i.TIM2_Encoder_init  encoder.o
    0x080141a8   0x080141a8   0x000000ac   Code   RO          420    i.TIM3_Encoder_init  encoder.o
    0x08014254   0x08014254   0x000000a4   Code   RO         3955    i.TIM_Base_SetConfig  stm32f4xx_hal_tim.o
    0x080142f8   0x080142f8   0x00000022   Code   RO         3956    i.TIM_CCxChannelCmd  stm32f4xx_hal_tim.o
    0x0801431a   0x0801431a   0x00000068   Code   RO         3959    i.TIM_DMADelayPulseCplt  stm32f4xx_hal_tim.o
    0x08014382   0x08014382   0x00000040   Code   RO         3960    i.TIM_DMADelayPulseHalfCplt  stm32f4xx_hal_tim.o
    0x080143c2   0x080143c2   0x0000005e   Code   RO         3961    i.TIM_DMAError      stm32f4xx_hal_tim.o
    0x08014420   0x08014420   0x00000016   Code   RO         3966    i.TIM_ETR_SetConfig  stm32f4xx_hal_tim.o
    0x08014436   0x08014436   0x00000012   Code   RO         3967    i.TIM_ITRx_SetConfig  stm32f4xx_hal_tim.o
    0x08014448   0x08014448   0x00000060   Code   RO         3968    i.TIM_OC1_SetConfig  stm32f4xx_hal_tim.o
    0x080144a8   0x080144a8   0x00000068   Code   RO         3969    i.TIM_OC2_SetConfig  stm32f4xx_hal_tim.o
    0x08014510   0x08014510   0x00000068   Code   RO         3970    i.TIM_OC3_SetConfig  stm32f4xx_hal_tim.o
    0x08014578   0x08014578   0x00000048   Code   RO         3971    i.TIM_OC4_SetConfig  stm32f4xx_hal_tim.o
    0x080145c0   0x080145c0   0x00000026   Code   RO         3973    i.TIM_TI1_ConfigInputStage  stm32f4xx_hal_tim.o
    0x080145e6   0x080145e6   0x00000028   Code   RO         3975    i.TIM_TI2_ConfigInputStage  stm32f4xx_hal_tim.o
    0x0801460e   0x0801460e   0x0000001a   Code   RO         5206    i.USBD_CUSTOM_HID_DataIn  usbd_customhid.o
    0x08014628   0x08014628   0x00000040   Code   RO         5207    i.USBD_CUSTOM_HID_DataOut  usbd_customhid.o
    0x08014668   0x08014668   0x000000c4   Code   RO         5208    i.USBD_CUSTOM_HID_DeInit  usbd_customhid.o
    0x0801472c   0x0801472c   0x00000038   Code   RO         5209    i.USBD_CUSTOM_HID_EP0_RxReady  usbd_customhid.o
    0x08014764   0x08014764   0x00000010   Code   RO         5210    i.USBD_CUSTOM_HID_GetDeviceQualifierDesc  usbd_customhid.o
    0x08014774   0x08014774   0x00000038   Code   RO         5211    i.USBD_CUSTOM_HID_GetFSCfgDesc  usbd_customhid.o
    0x080147ac   0x080147ac   0x00000038   Code   RO         5212    i.USBD_CUSTOM_HID_GetHSCfgDesc  usbd_customhid.o
    0x080147e4   0x080147e4   0x00000038   Code   RO         5213    i.USBD_CUSTOM_HID_GetOtherSpeedCfgDesc  usbd_customhid.o
    0x0801481c   0x0801481c   0x00000118   Code   RO         5214    i.USBD_CUSTOM_HID_Init  usbd_customhid.o
    0x08014934   0x08014934   0x00000038   Code   RO         5215    i.USBD_CUSTOM_HID_ReceivePacket  usbd_customhid.o
    0x0801496c   0x0801496c   0x00000018   Code   RO         5216    i.USBD_CUSTOM_HID_RegisterInterface  usbd_customhid.o
    0x08014984   0x08014984   0x0000005c   Code   RO         5217    i.USBD_CUSTOM_HID_SendReport  usbd_customhid.o
    0x080149e0   0x080149e0   0x000001a0   Code   RO         5218    i.USBD_CUSTOM_HID_Setup  usbd_customhid.o
    0x08014b80   0x08014b80   0x0000001c   Code   RO         4881    i.USBD_ClrClassConfig  usbd_core.o
    0x08014b9c   0x08014b9c   0x0000003e   Code   RO         5044    i.USBD_ClrFeature   usbd_ctlreq.o
    0x08014bda   0x08014bda   0x00000006   Code   RO         4882    i.USBD_CoreFindEP   usbd_core.o
    0x08014be0   0x08014be0   0x00000006   Code   RO         4883    i.USBD_CoreFindIF   usbd_core.o
    0x08014be6   0x08014be6   0x00000018   Code   RO         5146    i.USBD_CtlContinueRx  usbd_ioreq.o
    0x08014bfe   0x08014bfe   0x00000018   Code   RO         5147    i.USBD_CtlContinueSendData  usbd_ioreq.o
    0x08014c16   0x08014c16   0x00000018   Code   RO         5045    i.USBD_CtlError     usbd_ctlreq.o
    0x08014c2e   0x08014c2e   0x00000028   Code   RO         5148    i.USBD_CtlPrepareRx  usbd_ioreq.o
    0x08014c56   0x08014c56   0x0000001a   Code   RO         5149    i.USBD_CtlReceiveStatus  usbd_ioreq.o
    0x08014c70   0x08014c70   0x00000022   Code   RO         5150    i.USBD_CtlSendData  usbd_ioreq.o
    0x08014c92   0x08014c92   0x0000001a   Code   RO         5151    i.USBD_CtlSendStatus  usbd_ioreq.o
    0x08014cac   0x08014cac   0x0000003c   Code   RO         1186    i.USBD_FS_ConfigStrDescriptor  usbd_desc.o
    0x08014ce8   0x08014ce8   0x00000010   Code   RO         1187    i.USBD_FS_DeviceDescriptor  usbd_desc.o
    0x08014cf8   0x08014cf8   0x00000040   Code   RO         1188    i.USBD_FS_InterfaceStrDescriptor  usbd_desc.o
    0x08014d38   0x08014d38   0x00000010   Code   RO         1189    i.USBD_FS_LangIDStrDescriptor  usbd_desc.o
    0x08014d48   0x08014d48   0x0000001c   Code   RO         1190    i.USBD_FS_ManufacturerStrDescriptor  usbd_desc.o
    0x08014d64   0x08014d64   0x00000038   Code   RO         1191    i.USBD_FS_ProductStrDescriptor  usbd_desc.o
    0x08014d9c   0x08014d9c   0x00000018   Code   RO         1192    i.USBD_FS_SerialStrDescriptor  usbd_desc.o
    0x08014db4   0x08014db4   0x00000056   Code   RO         5046    i.USBD_GetConfig    usbd_ctlreq.o
    0x08014e0a   0x08014e0a   0x000001fc   Code   RO         5047    i.USBD_GetDescriptor  usbd_ctlreq.o
    0x08015006   0x08015006   0x00000050   Code   RO         4885    i.USBD_GetEpDesc    usbd_core.o
    0x08015056   0x08015056   0x00000016   Code   RO         5048    i.USBD_GetLen       usbd_ctlreq.o
    0x0801506c   0x0801506c   0x00000014   Code   RO         4886    i.USBD_GetNextDesc  usbd_core.o
    0x08015080   0x08015080   0x0000005a   Code   RO         5049    i.USBD_GetStatus    usbd_ctlreq.o
    0x080150da   0x080150da   0x00000054   Code   RO         5050    i.USBD_GetString    usbd_ctlreq.o
    0x0801512e   0x0801512e   0x0000002c   Code   RO         1328    i.USBD_Get_USB_Status  usbd_conf.o
    0x0801515a   0x0801515a   0x0000003a   Code   RO         4887    i.USBD_Init         usbd_core.o
    0x08015194   0x08015194   0x00000026   Code   RO         1329    i.USBD_LL_ClearStallEP  usbd_conf.o
    0x080151ba   0x080151ba   0x00000026   Code   RO         1330    i.USBD_LL_CloseEP   usbd_conf.o
    0x080151e0   0x080151e0   0x00000108   Code   RO         4888    i.USBD_LL_DataInStage  usbd_core.o
    0x080152e8   0x080152e8   0x00000102   Code   RO         4889    i.USBD_LL_DataOutStage  usbd_core.o
    0x080153ea   0x080153ea   0x00000006   Code   RO         4890    i.USBD_LL_DevConnected  usbd_core.o
    0x080153f0   0x080153f0   0x00000026   Code   RO         4891    i.USBD_LL_DevDisconnected  usbd_core.o
    0x08015416   0x08015416   0x00000002   PAD
    0x08015418   0x08015418   0x00000068   Code   RO         1335    i.USBD_LL_Init      usbd_conf.o
    0x08015480   0x08015480   0x00000038   Code   RO         1336    i.USBD_LL_IsStallEP  usbd_conf.o
    0x080154b8   0x080154b8   0x00000048   Code   RO         4892    i.USBD_LL_IsoINIncomplete  usbd_core.o
    0x08015500   0x08015500   0x00000048   Code   RO         4893    i.USBD_LL_IsoOUTIncomplete  usbd_core.o
    0x08015548   0x08015548   0x00000030   Code   RO         1337    i.USBD_LL_OpenEP    usbd_conf.o
    0x08015578   0x08015578   0x00000030   Code   RO         1338    i.USBD_LL_PrepareReceive  usbd_conf.o
    0x080155a8   0x080155a8   0x0000006c   Code   RO         4894    i.USBD_LL_Reset     usbd_core.o
    0x08015614   0x08015614   0x00000016   Code   RO         4895    i.USBD_LL_Resume    usbd_core.o
    0x0801562a   0x0801562a   0x00000028   Code   RO         4896    i.USBD_LL_SOF       usbd_core.o
    0x08015652   0x08015652   0x00000008   Code   RO         4897    i.USBD_LL_SetSpeed  usbd_core.o
    0x0801565a   0x0801565a   0x00000026   Code   RO         1339    i.USBD_LL_SetUSBAddress  usbd_conf.o
    0x08015680   0x08015680   0x00000076   Code   RO         4898    i.USBD_LL_SetupStage  usbd_core.o
    0x080156f6   0x080156f6   0x00000026   Code   RO         1340    i.USBD_LL_StallEP   usbd_conf.o
    0x0801571c   0x0801571c   0x0000001e   Code   RO         1341    i.USBD_LL_Start     usbd_conf.o
    0x0801573a   0x0801573a   0x00000014   Code   RO         4899    i.USBD_LL_Suspend   usbd_core.o
    0x0801574e   0x0801574e   0x00000030   Code   RO         1343    i.USBD_LL_Transmit  usbd_conf.o
    0x0801577e   0x0801577e   0x00000036   Code   RO         5051    i.USBD_ParseSetupRequest  usbd_ctlreq.o
    0x080157b4   0x080157b4   0x00000048   Code   RO         4900    i.USBD_RegisterClass  usbd_core.o
    0x080157fc   0x080157fc   0x00000006   Code   RO         4901    i.USBD_RunTestMode  usbd_core.o
    0x08015802   0x08015802   0x0000005a   Code   RO         5052    i.USBD_SetAddress   usbd_ctlreq.o
    0x0801585c   0x0801585c   0x00000020   Code   RO         4902    i.USBD_SetClassConfig  usbd_core.o
    0x0801587c   0x0801587c   0x00000104   Code   RO         5053    i.USBD_SetConfig    usbd_ctlreq.o
    0x08015980   0x08015980   0x00000038   Code   RO         5054    i.USBD_SetFeature   usbd_ctlreq.o
    0x080159b8   0x080159b8   0x0000000c   Code   RO         4903    i.USBD_Start        usbd_core.o
    0x080159c4   0x080159c4   0x000000ae   Code   RO         5055    i.USBD_StdDevReq    usbd_ctlreq.o
    0x08015a72   0x08015a72   0x00000280   Code   RO         5056    i.USBD_StdEPReq     usbd_ctlreq.o
    0x08015cf2   0x08015cf2   0x000000ae   Code   RO         5057    i.USBD_StdItfReq    usbd_ctlreq.o
    0x08015da0   0x08015da0   0x00000002   Code   RO         1344    i.USBD_static_free  usbd_conf.o
    0x08015da2   0x08015da2   0x00000002   PAD
    0x08015da4   0x08015da4   0x0000000c   Code   RO         1345    i.USBD_static_malloc  usbd_conf.o
    0x08015db0   0x08015db0   0x000000d0   Code   RO         1808    i.USB_ActivateEndpoint  stm32f4xx_ll_usb.o
    0x08015e80   0x08015e80   0x00000028   Code   RO         1810    i.USB_ActivateSetup  stm32f4xx_ll_usb.o
    0x08015ea8   0x08015ea8   0x00000084   Code   RO         1812    i.USB_CoreInit      stm32f4xx_ll_usb.o
    0x08015f2c   0x08015f2c   0x00000058   Code   RO         1813    i.USB_CoreReset     stm32f4xx_ll_usb.o
    0x08015f84   0x08015f84   0x0000014c   Code   RO         1816    i.USB_DeactivateEndpoint  stm32f4xx_ll_usb.o
    0x080160d0   0x080160d0   0x00000024   Code   RO         1817    i.USB_DevConnect    stm32f4xx_ll_usb.o
    0x080160f4   0x080160f4   0x00000024   Code   RO         1818    i.USB_DevDisconnect  stm32f4xx_ll_usb.o
    0x08016118   0x08016118   0x000001e0   Code   RO         1819    i.USB_DevInit       stm32f4xx_ll_usb.o
    0x080162f8   0x080162f8   0x0000000e   Code   RO         1820    i.USB_DisableGlobalInt  stm32f4xx_ll_usb.o
    0x08016306   0x08016306   0x00000002   PAD
    0x08016308   0x08016308   0x000001dc   Code   RO         1823    i.USB_EP0StartXfer  stm32f4xx_ll_usb.o
    0x080164e4   0x080164e4   0x00000070   Code   RO         1824    i.USB_EP0_OutStart  stm32f4xx_ll_usb.o
    0x08016554   0x08016554   0x0000008e   Code   RO         1825    i.USB_EPClearStall  stm32f4xx_ll_usb.o
    0x080165e2   0x080165e2   0x0000009a   Code   RO         1826    i.USB_EPSetStall    stm32f4xx_ll_usb.o
    0x0801667c   0x0801667c   0x00000348   Code   RO         1827    i.USB_EPStartXfer   stm32f4xx_ll_usb.o
    0x080169c4   0x080169c4   0x000000ec   Code   RO         1828    i.USB_EPStopXfer    stm32f4xx_ll_usb.o
    0x08016ab0   0x08016ab0   0x0000000e   Code   RO         1829    i.USB_EnableGlobalInt  stm32f4xx_ll_usb.o
    0x08016abe   0x08016abe   0x00000002   PAD
    0x08016ac0   0x08016ac0   0x00000054   Code   RO         1830    i.USB_FlushRxFifo   stm32f4xx_ll_usb.o
    0x08016b14   0x08016b14   0x00000058   Code   RO         1831    i.USB_FlushTxFifo   stm32f4xx_ll_usb.o
    0x08016b6c   0x08016b6c   0x00000026   Code   RO         1833    i.USB_GetDevSpeed   stm32f4xx_ll_usb.o
    0x08016b92   0x08016b92   0x0000000a   Code   RO         1835    i.USB_GetMode       stm32f4xx_ll_usb.o
    0x08016b9c   0x08016b9c   0x00000014   Code   RO         1842    i.USB_ReadDevAllInEpInterrupt  stm32f4xx_ll_usb.o
    0x08016bb0   0x08016bb0   0x00000014   Code   RO         1843    i.USB_ReadDevAllOutEpInterrupt  stm32f4xx_ll_usb.o
    0x08016bc4   0x08016bc4   0x00000032   Code   RO         1844    i.USB_ReadDevInEPInterrupt  stm32f4xx_ll_usb.o
    0x08016bf6   0x08016bf6   0x0000001a   Code   RO         1845    i.USB_ReadDevOutEPInterrupt  stm32f4xx_ll_usb.o
    0x08016c10   0x08016c10   0x0000000a   Code   RO         1846    i.USB_ReadInterrupts  stm32f4xx_ll_usb.o
    0x08016c1a   0x08016c1a   0x00000060   Code   RO         1847    i.USB_ReadPacket    stm32f4xx_ll_usb.o
    0x08016c7a   0x08016c7a   0x00000068   Code   RO         1849    i.USB_SetCurrentMode  stm32f4xx_ll_usb.o
    0x08016ce2   0x08016ce2   0x0000002a   Code   RO         1850    i.USB_SetDevAddress  stm32f4xx_ll_usb.o
    0x08016d0c   0x08016d0c   0x00000012   Code   RO         1851    i.USB_SetDevSpeed   stm32f4xx_ll_usb.o
    0x08016d1e   0x08016d1e   0x00000002   PAD
    0x08016d20   0x08016d20   0x000000e8   Code   RO         1852    i.USB_SetTurnaroundTime  stm32f4xx_ll_usb.o
    0x08016e08   0x08016e08   0x00000044   Code   RO         1855    i.USB_WritePacket   stm32f4xx_ll_usb.o
    0x08016e4c   0x08016e4c   0x00000004   Code   RO          253    i.UsageFault_Handler  stm32f4xx_it.o
    0x08016e50   0x08016e50   0x00000010   Code   RO         2978    i.__NVIC_GetPriorityGrouping  stm32f4xx_hal_cortex.o
    0x08016e60   0x08016e60   0x00000028   Code   RO         2979    i.__NVIC_SetPriority  stm32f4xx_hal_cortex.o
    0x08016e88   0x08016e88   0x00000060   Code   RO          791    i.delay_ms          tim.o
    0x08016ee8   0x08016ee8   0x000000e4   Code   RO           15    i.encoder           main.o
    0x08016fcc   0x08016fcc   0x00000014   Code   RO          881    i.led               led.o
    0x08016fe0   0x08016fe0   0x00000034   Code   RO          965    i.logo_print        oled.o
    0x08017014   0x08017014   0x000000c4   Code   RO           16    i.main              main.o
    0x080170d8   0x080170d8   0x00000028   Code   RO          882    i.mute_led          led.o
    0x08017100   0x08017100   0x00000008   Code   RO          966    i.oled_init         oled.o
    0x08017108   0x08017108   0x00000044   Code   RO           17    i.oled_print        main.o
    0x0801714c   0x0801714c   0x00000008   Code   RO          967    i.oled_update       oled.o
    0x08017154   0x08017154   0x0000014c   Code   RO           18    i.press_key         main.o
    0x080172a0   0x080172a0   0x00000034   Code   RO         1069    i.rgb_blue          rgb.o
    0x080172d4   0x080172d4   0x00000034   Code   RO         1070    i.rgb_cyan          rgb.o
    0x08017308   0x08017308   0x00000034   Code   RO         1071    i.rgb_green         rgb.o
    0x0801733c   0x0801733c   0x00000008   Code   RO         1072    i.rgb_init          rgb.o
    0x08017344   0x08017344   0x00000120   Code   RO           19    i.rgb_pulse         main.o
    0x08017464   0x08017464   0x00000034   Code   RO         1073    i.rgb_red           rgb.o
    0x08017498   0x08017498   0x00000034   Code   RO         1074    i.rgb_violet        rgb.o
    0x080174cc   0x080174cc   0x00000034   Code   RO         1075    i.rgb_wight         rgb.o
    0x08017500   0x08017500   0x00000034   Code   RO         1076    i.rgb_yellow        rgb.o
    0x08017534   0x08017534   0x00000034   Code   RO          457    i.ssd1306_ClearBitmapArea  ssd1306.o
    0x08017568   0x08017568   0x0000008a   Code   RO          461    i.ssd1306_DrawBitmap  ssd1306.o
    0x080175f2   0x080175f2   0x00000002   PAD
    0x080175f4   0x080175f4   0x0000008c   Code   RO          463    i.ssd1306_DrawPixel  ssd1306.o
    0x08017680   0x08017680   0x00000020   Code   RO          465    i.ssd1306_Fill      ssd1306.o
    0x080176a0   0x080176a0   0x000000fc   Code   RO          466    i.ssd1306_FillArea  ssd1306.o
    0x0801779c   0x0801779c   0x000000cc   Code   RO          471    i.ssd1306_Init      ssd1306.o
    0x08017868   0x08017868   0x00000002   Code   RO          475    i.ssd1306_Reset     ssd1306.o
    0x0801786a   0x0801786a   0x00000014   Code   RO          476    i.ssd1306_SetContrast  ssd1306.o
    0x0801787e   0x0801787e   0x00000002   PAD
    0x08017880   0x08017880   0x0000000c   Code   RO          477    i.ssd1306_SetCursor  ssd1306.o
    0x0801788c   0x0801788c   0x00000024   Code   RO          478    i.ssd1306_SetDisplayOn  ssd1306.o
    0x080178b0   0x080178b0   0x00000038   Code   RO          479    i.ssd1306_UpdateScreen  ssd1306.o
    0x080178e8   0x080178e8   0x000000bc   Code   RO          480    i.ssd1306_WriteChar  ssd1306.o
    0x080179a4   0x080179a4   0x00000028   Code   RO          481    i.ssd1306_WriteCommand  ssd1306.o
    0x080179cc   0x080179cc   0x00000024   Code   RO          482    i.ssd1306_WriteData  ssd1306.o
    0x080179f0   0x080179f0   0x0000002c   Code   RO          483    i.ssd1306_WriteString  ssd1306.o
    0x08017a1c   0x08017a1c   0x0000008c   Code   RO          883    i.stat_led          led.o
    0x08017aa8   0x08017aa8   0x00000064   Code   RO          968    i.state_print       oled.o
    0x08017b0c   0x08017b0c   0x00000030   Code   RO          969    i.string_scroll     oled.o
    0x08017b3c   0x08017b3c   0x00000058   Code   RO          970    i.title_print       oled.o
    0x08017b94   0x08017b94   0x00000028   Code   RO          971    i.volume_full       oled.o
    0x08017bbc   0x08017bbc   0x00000028   Code   RO          972    i.volume_half       oled.o
    0x08017be4   0x08017be4   0x00000028   Code   RO          973    i.volume_min        oled.o
    0x08017c0c   0x08017c0c   0x00000028   Code   RO          974    i.volume_mute       oled.o
    0x08017c34   0x08017c34   0x00000090   Code   RO          975    i.volume_print      oled.o
    0x08017cc4   0x08017cc4   0x00000028   Code   RO          976    i.volume_zero       oled.o
    0x08017cec   0x08017cec   0x00000018   Code   RO          846    i.ws2812_init       ws2812.o
    0x08017d04   0x08017d04   0x0000010c   Code   RO          847    i.ws2812_pixel_rgb_to_buf_dma  ws2812.o
    0x08017e10   0x08017e10   0x0000000a   Code   RO         5563    x$fpl$fpinit        fz_wm.l(fpinit.o)
    0x08017e1a   0x08017e1a   0x0000235f   Data   RO          686    .constdata          ssd1306_fonts.o
    0x0801a179   0x0801a179   0x0000047f   Data   RO          977    .constdata          oled.o
    0x0801a5f8   0x0801a5f8   0x00000008   Data   RO         2671    .constdata          stm32f4xx_hal_dma.o
    0x0801a600   0x0801a600   0x00000018   Data   RO         4846    .constdata          system_stm32f4xx.o
    0x0801a618   0x0801a618   0x00000020   Data   RO         5621    Region$$Table       anon$$obj.o


    Execution Region RW_IRAM1 (Exec base: 0x20000000, Load base: 0x0801a638, Size: 0x000019d8, Max: 0x00010000, ABSOLUTE, COMPRESSED[0x00000130])

    Exec Addr    Load Addr    Size         Type   Attr      Idx    E Section Name        Object

    0x20000000   COMPRESSED   0x00000019   Data   RW           21    .data               main.o
    0x20000019   COMPRESSED   0x00000002   Data   RW          254    .data               stm32f4xx_it.o
    0x2000001b   COMPRESSED   0x00000001   PAD
    0x2000001c   COMPRESSED   0x00000006   Data   RW          485    .data               ssd1306.o
    0x20000022   COMPRESSED   0x00000002   PAD
    0x20000024   COMPRESSED   0x00000010   Data   RW          687    .data               ssd1306_fonts.o
    0x20000034   COMPRESSED   0x00000001   Data   RW          978    .data               oled.o
    0x20000035   COMPRESSED   0x00000003   PAD
    0x20000038   COMPRESSED   0x0000004e   Data   RW         1194    .data               usbd_desc.o
    0x20000086   COMPRESSED   0x00000002   PAD
    0x20000088   COMPRESSED   0x0000009c   Data   RW         1278    .data               usbd_custom_hid_if.o
    0x20000124   COMPRESSED   0x00000009   Data   RW         3127    .data               stm32f4xx_hal.o
    0x2000012d   COMPRESSED   0x00000003   PAD
    0x20000130   COMPRESSED   0x00000004   Data   RW         4847    .data               system_stm32f4xx.o
    0x20000134   COMPRESSED   0x00000001   Data   RW         5058    .data               usbd_ctlreq.o
    0x20000135   COMPRESSED   0x00000003   PAD
    0x20000138   COMPRESSED   0x0000007c   Data   RW         5219    .data               usbd_customhid.o
    0x200001b4        -       0x000000c0   Zero   RW           20    .bss                main.o
    0x20000274        -       0x00000400   Zero   RW          484    .bss                ssd1306.o
    0x20000674        -       0x000000f0   Zero   RW          792    .bss                tim.o
    0x20000764        -       0x00000148   Zero   RW          848    .bss                ws2812.o
    0x200008ac        -       0x000002dc   Zero   RW         1137    .bss                usb_device.o
    0x20000b88        -       0x00000200   Zero   RW         1193    .bss                usbd_desc.o
    0x20000d88        -       0x00000064   Zero   RW         1277    .bss                usbd_custom_hid_if.o
    0x20000dec        -       0x00000588   Zero   RW         1346    .bss                usbd_conf.o
    0x20001374        -       0x00000060   Zero   RW         5479    .bss                c_w.l(libspace.o)
    0x200013d4   COMPRESSED   0x00000004   PAD
    0x200013d8        -       0x00000200   Zero   RW            2    HEAP                startup_stm32f401xc.o
    0x200015d8        -       0x00000400   Zero   RW            1    STACK               startup_stm32f401xc.o


==============================================================================

Image component sizes


      Code (inc. data)   RO Data    RW Data    ZI Data      Debug   Object Name

        60          4          0          0          0       1786   dma.o
       328         20          0          0          0       1487   encoder.o
       464         18          0          0          0       1103   gpio.o
        56          8          0          0          0        803   i2c.o
       112          0          0          0          0       2702   keyboard.o
       200         16          0          0          0       1960   led.o
      1302        104          0         25        192     437824   main.o
       648         62       1151          1          0       7269   oled.o
       372         56          0          0          0       4821   rgb.o
      1472         48          0          6       1024      13681   ssd1306.o
         0          0       9055         16          0       1059   ssd1306_fonts.o
        64         26        404          0       1536        856   startup_stm32f401xc.o
       212         36          0          9          0       9201   stm32f4xx_hal.o
       304         22          0          0          0      34407   stm32f4xx_hal_cortex.o
      1272         16          8          0          0       6741   stm32f4xx_hal_dma.o
       496         36          0          0          0       2695   stm32f4xx_hal_gpio.o
      1620         30          0          0          0       8187   stm32f4xx_hal_i2c.o
       376         24          0          0          0       1752   stm32f4xx_hal_msp.o
      3582         16          0          0          0      13072   stm32f4xx_hal_pcd.o
        90          0          0          0          0       2405   stm32f4xx_hal_pcd_ex.o
      1788         74          0          0          0       4997   stm32f4xx_hal_rcc.o
      3064        108          0          0          0      19958   stm32f4xx_hal_tim.o
       160         22          0          0          0       2461   stm32f4xx_hal_tim_ex.o
       302         26          0          2          0       9976   stm32f4xx_it.o
      4246         98          0          0          0      23455   stm32f4xx_ll_usb.o
        20          6         24          4          0       1111   system_stm32f4xx.o
       628         60          0          0        240       3610   tim.o
        76         16          0          0        732       2398   usb_device.o
       974         24          0          0       1416      16796   usbd_conf.o
      1346          0          0          0          0      16389   usbd_core.o
      2342         30          0          1          0      17736   usbd_ctlreq.o
       320         48          0        156        100       2998   usbd_custom_hid_if.o
      1394         60          0        124          0      12639   usbd_customhid.o
       378        114          0         78        512       6809   usbd_desc.o
       174          0          0          0          0       4668   usbd_ioreq.o
       292          8          0          0        328       1771   ws2812.o

    ----------------------------------------------------------------------
     30566       1236      10674        436       6080     701583   Object Totals
         0          0         32          0          0          0   (incl. Generated)
        32          0          0         14          0          0   (incl. Padding)

    ----------------------------------------------------------------------

      Code (inc. data)   RO Data    RW Data    ZI Data      Debug   Library Member Name

        90          0          0          0          0          0   __dczerorl2.o
         8          0          0          0          0         68   __main.o
       104          0          0          0          0         84   __printf.o
         0          0          0          0          0          0   __rtentry.o
        12          0          0          0          0          0   __rtentry2.o
         6          0          0          0          0          0   __rtentry4.o
        52          8          0          0          0          0   __scatter.o
        28          0          0          0          0          0   __scatter_zi.o
        48          6          0          0          0         96   _printf_char_common.o
         6          0          0          0          0          0   _printf_d.o
       120         16          0          0          0         92   _printf_dec.o
       178          0          0          0          0         88   _printf_intcommon.o
         0          0          0          0          0          0   _printf_percent.o
         4          0          0          0          0          0   _printf_percent_end.o
        16          0          0          0          0         68   _snputc.o
        10          0          0          0          0         68   _sputc.o
        18          0          0          0          0         80   exit.o
         6          0          0          0          0        152   heapauxi.o
         0          0          0          0          0          0   indicate_semi.o
         2          0          0          0          0          0   libinit.o
         6          0          0          0          0          0   libinit2.o
         2          0          0          0          0          0   libshutdown.o
         2          0          0          0          0          0   libshutdown2.o
         8          4          0          0         96         68   libspace.o
       238          0          0          0          0        100   lludivv7m.o
        52          4          0          0          0         84   noretval__2snprintf.o
        78          0          0          0          0         80   rt_memclr_w.o
       100          0          0          0          0         80   rt_memcpy_w.o
         2          0          0          0          0          0   rtexit.o
        10          0          0          0          0          0   rtexit2.o
        12          4          0          0          0         68   sys_exit.o
        74          0          0          0          0         80   sys_stackheap_outer.o
         2          0          0          0          0         68   use_no_semi.o
        10          0          0          0          0        116   fpinit.o

    ----------------------------------------------------------------------
      1312         42          0          0        100       1540   Library Totals
         8          0          0          0          4          0   (incl. Padding)

    ----------------------------------------------------------------------

      Code (inc. data)   RO Data    RW Data    ZI Data      Debug   Library Name

      1294         42          0          0         96       1424   c_w.l
        10          0          0          0          0        116   fz_wm.l

    ----------------------------------------------------------------------
      1312         42          0          0        100       1540   Library Totals

    ----------------------------------------------------------------------

==============================================================================


      Code (inc. data)   RO Data    RW Data    ZI Data      Debug   

     31878       1278      10674        436       6180     673547   Grand Totals
     31878       1278      10674        304       6180     673547   ELF Image Totals (compressed)
     31878       1278      10674        304          0          0   ROM Totals

==============================================================================

    Total RO  Size (Code + RO Data)                42552 (  41.55kB)
    Total RW  Size (RW Data + ZI Data)              6616 (   6.46kB)
    Total ROM Size (Code + RO Data + RW Data)      42856 (  41.85kB)

==============================================================================

