<html>
<body>
<pre>
<h1>µVision Build Log</h1>
<h2>Tool Versions:</h2>
IDE-Version: µVision V5.32.0.0
Copyright (C) 2020 ARM Ltd and ARM Germany GmbH. All rights reserved.
License Information: a a, a, LIC=9N0AE-5Z5AP-IN1A7-ESXKH-WDZAZ-USKWU
 
Tool Versions:
Toolchain:       MDK-ARM Professional  Version: 5.32.0.0
Toolchain Path:  C:\Keil_v5\ARM\ARMCC\Bin
C Compiler:      Armcc.exe V5.06 update 7 (build 960)
Assembler:       Armasm.exe V5.06 update 7 (build 960)
Linker/Locator:  ArmLink.exe V5.06 update 7 (build 960)
Library Manager: ArmAr.exe V5.06 update 7 (build 960)
Hex Converter:   FromElf.exe V5.06 update 7 (build 960)
CPU DLL:         SARMCM3.DLL V5.32.0.0
Dialog DLL:      DCM.DLL V1.17.3.0
Target DLL:      STLink\ST-LINKIII-KEIL_SWO.dll V3.0.8.0
Dialog DLL:      TCM.DLL V1.46.0.0
 
<h2>Project:</h2>
D:\project\sound_control_stm32\MDK-ARM\AYK_KEYBOARD.uvprojx
Project File Date:  06/07/2024

<h2>Output:</h2>
*** Using Compiler 'V5.06 update 7 (build 960)', folder: 'C:\Keil_v5\ARM\ARMCC\Bin'
Build target 'AYK_KEYBOARD'
compiling ssd1306_fonts.c...
compiling encoder.c...
compiling dma.c...
compiling ws2812.c...
compiling stm32f4xx_hal_msp.c...
compiling i2c.c...
compiling tim.c...
compiling led.c...
..\Core\Src\led.c(32): warning:  #1-D: last line of file ends without a newline
  }
..\Core\Src\led.c: 1 warning, 0 errors
compiling gpio.c...
compiling stm32f4xx_it.c...
compiling main.c...
../Core/Src/main.c(217): warning:  #188-D: enumerated type mixed with another type
  						direction =  CR & 0x10;
../Core/Src/main.c(229): warning:  #188-D: enumerated type mixed with another type
  						direction =  CR & 0x10;
../Core/Src/main.c(289): warning:  #188-D: enumerated type mixed with another type
  			state_print(&state_flag,win_media.state);
../Core/Src/main.c: 3 warnings, 0 errors
compiling ssd1306.c...
../Core/Inc/ssd1306.h(182): warning:  #1295-D: Deprecated declaration ssd1306_GetDisplayOn - give arg types
  uint8_t ssd1306_GetDisplayOn();
..\Core\Src\ssd1306.c(363): warning:  #1035-D: single-precision operand implicitly converted to double-precision
      return par_deg * 3.14 / 180.0;
..\Core\Src\ssd1306.c(646): warning:  #1-D: last line of file ends without a newline
  }
..\Core\Src\ssd1306.c: 3 warnings, 0 errors
compiling keyboard.c...
..\Core\Src\keyboard.c(7): warning:  #223-D: function "USBD_CUSTOM_HID_SendReport" declared implicitly
  	USBD_CUSTOM_HID_SendReport(usbdev, keystruct, 2);// sizeof (keystruct)
..\Core\Src\keyboard.c(13): warning:  #223-D: function "USBD_CUSTOM_HID_SendReport" declared implicitly
  	USBD_CUSTOM_HID_SendReport(usbdev, keystruct, 9);// sizeof (keystruct)
..\Core\Src\keyboard.c(19): warning:  #223-D: function "USBD_CUSTOM_HID_SendReport" declared implicitly
  	USBD_CUSTOM_HID_SendReport(usbdev, keystruct, 2);
..\Core\Src\keyboard.c(24): warning:  #223-D: function "USBD_CUSTOM_HID_SendReport" declared implicitly
  	USBD_CUSTOM_HID_SendReport(usbdev, keystruct, 9);
..\Core\Src\keyboard.c(26): warning:  #1-D: last line of file ends without a newline
  }
..\Core\Src\keyboard.c: 5 warnings, 0 errors
compiling oled.c...
../Core/Inc/ssd1306.h(182): warning:  #1295-D: Deprecated declaration ssd1306_GetDisplayOn - give arg types
  uint8_t ssd1306_GetDisplayOn();
..\Core\Src\oled.c(118): warning:  #223-D: function "snprintf" declared implicitly
  		snprintf(volume, 5, "%d%%", *packet);//
..\Core\Src\oled.c: 2 warnings, 0 errors
compiling rgb.c...
..\Core\Src\rgb.c(35): warning:  #1-D: last line of file ends without a newline
  }
..\Core\Src\rgb.c: 1 warning, 0 errors
compiling usbd_desc.c...
compiling usbd_custom_hid_if.c...
compiling usb_device.c...
compiling stm32f4xx_hal_pcd_ex.c...
compiling usbd_conf.c...
compiling stm32f4xx_hal_pcd.c...
compiling stm32f4xx_hal_rcc.c...
compiling stm32f4xx_ll_usb.c...
compiling stm32f4xx_hal_flash_ramfunc.c...
compiling stm32f4xx_hal_rcc_ex.c...
compiling stm32f4xx_hal_flash.c...
compiling stm32f4xx_hal_gpio.c...
compiling stm32f4xx_hal_flash_ex.c...
compiling stm32f4xx_hal_pwr.c...
compiling stm32f4xx_hal_dma.c...
compiling stm32f4xx_hal_pwr_ex.c...
compiling stm32f4xx_hal_dma_ex.c...
compiling stm32f4xx_hal_cortex.c...
compiling stm32f4xx_hal.c...
compiling stm32f4xx_hal_exti.c...
compiling stm32f4xx_hal_i2c_ex.c...
compiling system_stm32f4xx.c...
compiling usbd_ioreq.c...
compiling usbd_ctlreq.c...
compiling usbd_core.c...
compiling usbd_customhid.c...
compiling stm32f4xx_hal_tim_ex.c...
compiling stm32f4xx_hal_i2c.c...
compiling stm32f4xx_hal_tim.c...
linking...
Program Size: Code=31878 RO-data=10674 RW-data=436 ZI-data=6180  
FromELF: creating hex file...
After Build - User command #1: fromelf.exe --bin --output .\Listings\AYK_KEYBOARD.bin AYK_KEYBOARD\AYK_KEYBOARD.axf
"AYK_KEYBOARD\AYK_KEYBOARD.axf" - 0 Error(s), 15 Warning(s).

<h2>Software Packages used:</h2>

Package Vendor: ARM
                http://www.keil.com/pack/ARM.CMSIS.5.7.0.pack
                ARM.CMSIS.5.7.0
                CMSIS (Cortex Microcontroller Software Interface Standard)
   * Component: CORE Version: 5.4.0

Package Vendor: Keil
                https://www.keil.com/pack/Keil.STM32F4xx_DFP.2.17.1.pack
                Keil.STM32F4xx_DFP.2.17.1
                STMicroelectronics STM32F4 Series Device Support, Drivers and Examples

<h2>Collection of Component include folders:</h2>
  .\RTE\_AYK_KEYBOARD
  C:\Users\Talaver\AppData\Local\Arm\Packs\ARM\CMSIS\5.7.0\CMSIS\Core\Include
  C:\Users\Talaver\AppData\Local\Arm\Packs\Keil\STM32F4xx_DFP\2.17.1\Drivers\CMSIS\Device\ST\STM32F4xx\Include

<h2>Collection of Component Files used:</h2>

   * Component: ARM::CMSIS:CORE:5.4.0
      Include file:  CMSIS\Core\Include\tz_context.h
Build Time Elapsed:  00:00:05
</pre>
</body>
</html>
